Product: MDK-ARM Professional 5.10
Component: ARM Compiler 5.04 update 1 (build 49)
Tool: armlink [5040049]

==============================================================================

Section Cross References

    startup_stm32f10x_hd.o(STACK) refers (Special) to heapauxi.o(.text) for __use_two_region_memory
    startup_stm32f10x_hd.o(HEAP) refers (Special) to heapauxi.o(.text) for __use_two_region_memory
    startup_stm32f10x_hd.o(RESET) refers (Special) to heapauxi.o(.text) for __use_two_region_memory
    startup_stm32f10x_hd.o(RESET) refers to startup_stm32f10x_hd.o(.text) for Reset_Handler
    startup_stm32f10x_hd.o(RESET) refers to main.o(i.HardFault_Handler) for HardFault_Handler
    startup_stm32f10x_hd.o(RESET) refers to os_cpu_a.o(.text) for PendSV_Handler
    startup_stm32f10x_hd.o(RESET) refers to system.o(i.SysTick_Handler) for SysTick_Handler
    startup_stm32f10x_hd.o(RESET) refers to spi.o(i.SPI1_IRQHandler) for SPI1_IRQHandler
    startup_stm32f10x_hd.o(RESET) refers to spi.o(i.SPI2_IRQHandler) for SPI2_IRQHandler
    startup_stm32f10x_hd.o(RESET) refers to usart.o(i.UART4_IRQHandler) for UART4_IRQHandler
    startup_stm32f10x_hd.o(RESET) refers to usart.o(i.UART5_IRQHandler) for UART5_IRQHandler
    startup_stm32f10x_hd.o(.text) refers (Special) to heapauxi.o(.text) for __use_two_region_memory
    startup_stm32f10x_hd.o(.text) refers to startup_stm32f10x_hd.o(STACK) for __initial_sp
    startup_stm32f10x_hd.o(.text) refers to __main.o(!!!main) for __main
    startup_stm32f10x_hd.o(.text) refers to startup_stm32f10x_hd.o(HEAP) for Heap_Mem
    delay.o(i.delay_us) refers to system.o(i.SYSTEM_GetClkSpeed) for SYSTEM_GetClkSpeed
    system.o(.emb_text) refers (Special) to use_no_semi_2.o(.text) for __use_no_semihosting
    system.o(i.CRC16) refers (Special) to use_no_semi_2.o(.text) for __use_no_semihosting
    system.o(i.DeviceClockEnable) refers (Special) to use_no_semi_2.o(.text) for __use_no_semihosting
    system.o(i.DeviceReset) refers (Special) to use_no_semi_2.o(.text) for __use_no_semihosting
    system.o(i.EXTI_ClearInt) refers (Special) to use_no_semi_2.o(.text) for __use_no_semihosting
    system.o(i.EXTI_IntConfig) refers (Special) to use_no_semi_2.o(.text) for __use_no_semihosting
    system.o(i.EXTI_IntMask) refers (Special) to use_no_semi_2.o(.text) for __use_no_semihosting
    system.o(i.JTAG_Set) refers (Special) to use_no_semi_2.o(.text) for __use_no_semihosting
    system.o(i.MY_NVIC_Init) refers (Special) to use_no_semi_2.o(.text) for __use_no_semihosting
    system.o(i.MY_NVIC_Init) refers to system.o(i.MY_NVIC_PriorityGroupConfig) for MY_NVIC_PriorityGroupConfig
    system.o(i.MY_NVIC_PriorityGroupConfig) refers (Special) to use_no_semi_2.o(.text) for __use_no_semihosting
    system.o(i.MY_NVIC_SetVectorTable) refers (Special) to use_no_semi_2.o(.text) for __use_no_semihosting
    system.o(i.NVIC_IntEnable) refers (Special) to use_no_semi_2.o(.text) for __use_no_semihosting
    system.o(i.SYSTEM_ClockInit) refers (Special) to use_no_semi_2.o(.text) for __use_no_semihosting
    system.o(i.SYSTEM_ClockInit) refers to delay.o(i.Delay_US) for Delay_US
    system.o(i.SYSTEM_ClockInit) refers to system.o(i.SYSTEM_GetClkSpeed) for SYSTEM_GetClkSpeed
    system.o(i.SYSTEM_GetClkSpeed) refers (Special) to use_no_semi_2.o(.text) for __use_no_semihosting
    system.o(i.SYSTEM_GetClkSpeed) refers to system.o(i.SYS_GetSystemClockSource) for SYS_GetSystemClockSource
    system.o(i.SYSTEM_ReadCPUID) refers (Special) to use_no_semi_2.o(.text) for __use_no_semihosting
    system.o(i.SYSTEM_Sleep) refers (Special) to use_no_semi_2.o(.text) for __use_no_semihosting
    system.o(i.SYSTEM_Sleep) refers to system.o(.emb_text) for WFE_SET
    system.o(i.SYSTEM_SoftReset) refers (Special) to use_no_semi_2.o(.text) for __use_no_semihosting
    system.o(i.SYSTEM_Standby) refers (Special) to use_no_semi_2.o(.text) for __use_no_semihosting
    system.o(i.SYSTEM_Standby) refers to system.o(.emb_text) for WFI_SET
    system.o(i.SYS_DelayMS) refers (Special) to use_no_semi_2.o(.text) for __use_no_semihosting
    system.o(i.SYS_DelayMS) refers to os_time.o(i.OSTimeDlyHMSM) for OSTimeDlyHMSM
    system.o(i.SYS_DelayMS) refers to delay.o(i.Delay_MS) for Delay_MS
    system.o(i.SYS_DelayMS) refers to os_core.o(.data) for OSRunning
    system.o(i.SYS_DisableIrq) refers (Special) to use_no_semi_2.o(.text) for __use_no_semihosting
    system.o(i.SYS_EnableIrq) refers (Special) to use_no_semi_2.o(.text) for __use_no_semihosting
    system.o(i.SYS_GetOSRunTime) refers (Special) to use_no_semi_2.o(.text) for __use_no_semihosting
    system.o(i.SYS_GetOSRunTime) refers to system.o(.data) for .data
    system.o(i.SYS_GetOsStartup) refers (Special) to use_no_semi_2.o(.text) for __use_no_semihosting
    system.o(i.SYS_GetSystemClockSource) refers (Special) to use_no_semi_2.o(.text) for __use_no_semihosting
    system.o(i.SysTick_Configuration) refers (Special) to use_no_semi_2.o(.text) for __use_no_semihosting
[...]
    i.W5500_SetOneSocketDestPort             0x08003368   Section        0  w5500.o(i.W5500_SetOneSocketDestPort)
    i.W5500_SetOneSocketIntEnable            0x08003384   Section        0  w5500.o(i.W5500_SetOneSocketIntEnable)
    i.W5500_SetOneSocketLoaclPort            0x080033a0   Section        0  w5500.o(i.W5500_SetOneSocketLoaclPort)
    i.W5500_SetOneSocketMaxTransUnit         0x080033bc   Section        0  w5500.o(i.W5500_SetOneSocketMaxTransUnit)
    i.W5500_SetOneSocketRxBuffRD             0x080033d8   Section        0  w5500.o(i.W5500_SetOneSocketRxBuffRD)
    i.W5500_SetOneSocketTcpHeartPackTime     0x080033f4   Section        0  w5500.o(i.W5500_SetOneSocketTcpHeartPackTime)
    i.W5500_SetOneSocketTcpMode              0x08003410   Section        0  w5500.o(i.W5500_SetOneSocketTcpMode)
    i.W5500_SetOneSocketTxBuffWR             0x08003428   Section        0  w5500.o(i.W5500_SetOneSocketTxBuffWR)
    i.W5500_SetPHY_OPMDC                     0x08003444   Section        0  w5500.o(i.W5500_SetPHY_OPMDC)
    i.W5500_WriteDuadReg                     0x0800345a   Section        0  w5500.o(i.W5500_WriteDuadReg)
    i.W5500_WriteMultiReg                    0x08003472   Section        0  w5500.o(i.W5500_WriteMultiReg)
    i.W5500_WriteOneReg                      0x080034ba   Section        0  w5500.o(i.W5500_WriteOneReg)
    i.W5500_WriteOneSocketTcpTxData          0x080034f4   Section        0  w5500.o(i.W5500_WriteOneSocketTcpTxData)
    i.W5500_WriteOneSocketUdpTxData          0x0800355c   Section        0  w5500.o(i.W5500_WriteOneSocketUdpTxData)
    i.WSAStartup                             0x080035e4   Section        0  w5500_socket.o(i.WSAStartup)
    i.WaitingReception                       0x08003708   Section        0  w5500_socket.o(i.WaitingReception)
    WaitingReception                         0x08003709   Thumb Code   178  w5500_socket.o(i.WaitingReception)
    i.WaitingSuccessfully                    0x080037c4   Section        0  w5500_socket.o(i.WaitingSuccessfully)
    WaitingSuccessfully                      0x080037c5   Thumb Code   196  w5500_socket.o(i.WaitingSuccessfully)
    i._is_digit                              0x08003890   Section        0  __printf_wp.o(i._is_digit)
    i._sys_exit                              0x0800389e   Section        0  system.o(i._sys_exit)
    i.bind                                   0x080038a0   Section        0  w5500_socket.o(i.bind)
    i.check_DHCP_leasedIP                    0x0800398c   Section        0  dhcp.o(i.check_DHCP_leasedIP)
    i.check_DHCP_timeout                     0x08003a5c   Section        0  dhcp.o(i.check_DHCP_timeout)
    i.closesocket                            0x08003acc   Section        0  w5500_socket.o(i.closesocket)
    i.connect                                0x08003b14   Section        0  w5500_socket.o(i.connect)
    i.default_ip_assign                      0x08003c24   Section        0  dhcp.o(i.default_ip_assign)
    i.default_ip_conflict                    0x08003c26   Section        0  dhcp.o(i.default_ip_conflict)
    i.default_ip_update                      0x08003c28   Section        0  dhcp.o(i.default_ip_update)
    i.fputc                                  0x08003c2c   Section        0  system.o(i.fputc)
    i.getLocalHostName                       0x08003c48   Section        0  w5500_socket.o(i.getLocalHostName)
    i.getLocalMAC                            0x08003c84   Section        0  w5500_socket.o(i.getLocalMAC)
    i.getsockopt                             0x08003ca0   Section        0  w5500_socket.o(i.getsockopt)
    i.main                                   0x08003d14   Section        0  main.o(i.main)
    i.makeDHCPMSG                            0x08003ea4   Section        0  dhcp.o(i.makeDHCPMSG)
    i.netsh_ip_addr                          0x08003f5c   Section        0  w5500_socket.o(i.netsh_ip_addr)
    i.netsh_ip_gateway                       0x08003f78   Section        0  w5500_socket.o(i.netsh_ip_gateway)
    i.netsh_ip_mask                          0x08003f94   Section        0  w5500_socket.o(i.netsh_ip_mask)
    i.parseDHCPMSG                           0x08003fb0   Section        0  dhcp.o(i.parseDHCPMSG)
    i.recvfrom                               0x08004188   Section        0  w5500_socket.o(i.recvfrom)
    i.reset_DHCP_timeout                     0x080042cc   Section        0  dhcp.o(i.reset_DHCP_timeout)
    i.send_DHCP_DECLINE                      0x080042e0   Section        0  dhcp.o(i.send_DHCP_DECLINE)
    i.send_DHCP_DISCOVER                     0x080043dc   Section        0  dhcp.o(i.send_DHCP_DISCOVER)
    i.send_DHCP_REQUEST                      0x080045c0   Section        0  dhcp.o(i.send_DHCP_REQUEST)
    i.sendto                                 0x08004874   Section        0  w5500_socket.o(i.sendto)
    i.setsockopt                             0x08004a2c   Section        0  w5500_socket.o(i.setsockopt)
    i.socket                                 0x08004a78   Section        0  w5500_socket.o(i.socket)
    i.socket_GetError                        0x08004b4c   Section        0  w5500_socket.o(i.socket_GetError)
    x$fpl$d2f                                0x08004b58   Section       98  d2f.o(x$fpl$d2f)
    x$fpl$dcheck1                            0x08004bbc   Section       16  dcheck1.o(x$fpl$dcheck1)
    x$fpl$ddiv                               0x08004bcc   Section      688  ddiv.o(x$fpl$ddiv)
    ddiv_entry                               0x08004bd3   Thumb Code     0  ddiv.o(x$fpl$ddiv)
    x$fpl$dfltu                              0x08004e7c   Section       38  dflt_clz.o(x$fpl$dfltu)
    x$fpl$dnaninf                            0x08004ea2   Section      156  dnaninf.o(x$fpl$dnaninf)
    x$fpl$dretinf                            0x08004f3e   Section       12  dretinf.o(x$fpl$dretinf)
    x$fpl$f2d                                0x08004f4c   Section       86  f2d.o(x$fpl$f2d)
    x$fpl$fadd                               0x08004fa4   Section      196  faddsub_clz.o(x$fpl$fadd)
    _fadd1                                   0x08004fb3   Thumb Code     0  faddsub_clz.o(x$fpl$fadd)
    x$fpl$fcheck1                            0x08005068   Section       12  fcheck1.o(x$fpl$fcheck1)
    x$fpl$ffixu                              0x08005074   Section       62  ffixu.o(x$fpl$ffixu)
    x$fpl$ffltu                              0x080050b4   Section       38  fflt_clz.o(x$fpl$ffltu)
    x$fpl$fnaninf                            0x080050da   Section      140  fnaninf.o(x$fpl$fnaninf)
    x$fpl$fretinf                            0x08005166   Section       10  fretinf.o(x$fpl$fretinf)
    x$fpl$frsb                               0x08005170   Section       20  faddsub_clz.o(x$fpl$frsb)
    x$fpl$fsub                               0x08005184   Section      234  faddsub_clz.o(x$fpl$fsub)
    _fsub1                                   0x08005193   Thumb Code     0  faddsub_clz.o(x$fpl$fsub)
    x$fpl$retnan                             0x0800526e   Section      100  retnan.o(x$fpl$retnan)
    x$fpl$scalbn                             0x080052d2   Section       92  scalbn.o(x$fpl$scalbn)
    x$fpl$scalbnf                            0x0800532e   Section       76  scalbnf.o(x$fpl$scalbnf)
    x$fpl$trapveneer                         0x0800537a   Section       48  trapv.o(x$fpl$trapveneer)
    x$fpl$usenofp                            0x080053aa   Section        0  usenofp.o(x$fpl$usenofp)
    .constdata                               0x080053ac   Section       16  system.o(.constdata)
    .constdata                               0x080053bc   Section       44  usart.o(.constdata)
    USARTxN                                  0x080053bc   Data          20  usart.o(.constdata)
    USARTxChannel                            0x080053d0   Data          12  usart.o(.constdata)
    USARRxChannel                            0x080053dc   Data          12  usart.o(.constdata)
    .constdata                               0x080053e8   Section       18  spi.o(.constdata)
    BAUD_RATE                                0x080053e8   Data          18  spi.o(.constdata)
    .constdata                               0x080053fa   Section       15  spi.o(.constdata)
    .constdata                               0x08005409   Section       24  w5500.o(.constdata)
    .constdata                               0x08005421   Section      256  os_core.o(.constdata)
    .constdata                               0x08005521   Section       40  _printf_hex_int.o(.constdata)
    uc_hextab                                0x08005521   Data          20  _printf_hex_int.o(.constdata)
    lc_hextab                                0x08005535   Data          20  _printf_hex_int.o(.constdata)
    .constdata                               0x08005549   Section       17  __printf_flags_ss_wp.o(.constdata)
    maptable                                 0x08005549   Data          17  __printf_flags_ss_wp.o(.constdata)
    .conststring                             0x0800555c   Section       56  system.o(.conststring)
    .conststring                             0x08005594   Section      135  main.o(.conststring)
    .conststring                             0x0800561c   Section      172  w5500.o(.conststring)
    .conststring                             0x080056c8   Section        1  w5500_socket.o(.conststring)
    .conststring                             0x080056cc   Section       72  dhcp.o(.conststring)
    .data                                    0x20000000   Section        4  system.o(.data)
    .data                                    0x20000008   Section       16  system.o(.data)
    flag                                     0x2000000a   Data           1  system.o(.data)
    .data                                    0x20000018   Section        4  system.o(.data)
    .data                                    0x2000001c   Section        1  main.o(.data)
    .data                                    0x20000020   Section       12  spi.o(.data)
    SPIxN                                    0x20000020   Data          12  spi.o(.data)
    .data                                    0x2000002c   Section       12  w5500_socket.o(.data)
    isDeviceInit                             0x2000002c   Data           1  w5500_socket.o(.data)
    pError                                   0x20000030   Data           4  w5500_socket.o(.data)
    sg_This_W5500_Handle                     0x20000034   Data           4  w5500_socket.o(.data)
    .data                                    0x20000038   Section       66  dhcp.o(.data)
    .data                                    0x2000007c   Section       56  os_core.o(.data)
    .data                                    0x200000b4   Section        4  os_core.o(.data)
    .bss                                     0x200000b8   Section     2048  main.o(.bss)
    .bss                                     0x200008b8   Section       96  usart.o(.bss)
    UartRx                                   0x200008b8   Data          96  usart.o(.bss)
    .bss                                     0x20000918   Section       36  spi.o(.bss)
    SPIRx                                    0x20000918   Data          36  spi.o(.bss)
    .bss                                     0x2000093c   Section       60  w5500_socket.o(.bss)
    g_W5500Handle                            0x2000093c   Data          60  w5500_socket.o(.bss)
    .bss                                     0x20000978   Section      224  w5500_socket.o(.bss)
    .bss                                     0x20000a58   Section     2392  os_core.o(.bss)
    .bss                                     0x200013b0   Section      224  os_core.o(.bss)
    .bss                                     0x20001490   Section     2048  socket_tas.o(.bss)
    DataBuff                                 0x20001490   Data        2048  socket_tas.o(.bss)
    .bss                                     0x20001c90   Section      228  rand.o(.bss)
    .bss                                     0x20001d74   Section       96  libspace.o(.bss)
    HEAP                                     0x20001dd8   Section     1536  startup_stm32f10x_hd.o(HEAP)
    Heap_Mem                                 0x20001dd8   Data        1536  startup_stm32f10x_hd.o(HEAP)
    STACK                                    0x200023d8   Section     4096  startup_stm32f10x_hd.o(STACK)
    Stack_Mem                                0x200023d8   Data        4096  startup_stm32f10x_hd.o(STACK)
    __initial_sp                             0x200033d8   Data           0  startup_stm32f10x_hd.o(STACK)

    Global Symbols

    Symbol Name                              Value     Ov Type        Size  Object(Section)

    BuildAttributes$$THM_ISAv4$P$D$K$B$S$PE$A:L22UL41UL21$X:L11$S22US41US21$IEEE1$IW$USESV6$~STKCKD$USESV7$~SHL$OSPACE$ROPI$EBA8$UX$STANDARDLIB$REQ8$PRES8$EABIv2 0x00000000   Number         0  anon$$obj.o ABSOLUTE
    __ARM_use_no_argv                        0x00000000   Number         0  main.o ABSOLUTE
    _printf_flags                            0x00000000   Number         0  printf_stubs.o ABSOLUTE
    _printf_return_value                     0x00000000   Number         0  printf_stubs.o ABSOLUTE
    _printf_sizespec                         0x00000000   Number         0  printf_stubs.o ABSOLUTE
    _printf_widthprec                        0x00000000   Number         0  printf_stubs.o ABSOLUTE
    __ARM_exceptions_init                     - Undefined Weak Reference
    __alloca_initialize                       - Undefined Weak Reference
    __cpp_initialize__aeabi_                  - Undefined Weak Reference
    __cxa_finalize                            - Undefined Weak Reference
    __rt_locale                               - Undefined Weak Reference
    __sigvec_lookup                           - Undefined Weak Reference
    _atexit_init                              - Undefined Weak Reference
    _call_atexit_fns                          - Undefined Weak Reference
    _clock_init                               - Undefined Weak Reference
    _fp_trap_init                             - Undefined Weak Reference
    _fp_trap_shutdown                         - Undefined Weak Reference
    _get_lc_collate                           - Undefined Weak Reference
    _get_lc_ctype                             - Undefined Weak Reference
    _get_lc_monetary                          - Undefined Weak Reference
    _get_lc_numeric                           - Undefined Weak Reference
    _get_lc_time                              - Undefined Weak Reference
    _getenv_init                              - Undefined Weak Reference
    _handle_redirection                       - Undefined Weak Reference
    _init_alloc                               - Undefined Weak Reference
    _init_user_alloc                          - Undefined Weak Reference
    _initio                                   - Undefined Weak Reference
    _mutex_acquire                            - Undefined Weak Reference
    _mutex_release                            - Undefined Weak Reference
    _printf_mbtowc                            - Undefined Weak Reference
    _printf_truncate_signed                   - Undefined Weak Reference
    _printf_truncate_unsigned                 - Undefined Weak Reference
    _signal_finish                            - Undefined Weak Reference
    _signal_init                              - Undefined Weak Reference
    _terminate_alloc                          - Undefined Weak Reference
    _terminate_user_alloc                     - Undefined Weak Reference
    _terminateio                              - Undefined Weak Reference
    __Vectors_Size                           0x00000130   Number         0  startup_stm32f10x_hd.o ABSOLUTE
    __Vectors                                0x08000000   Data           4  startup_stm32f10x_hd.o(RESET)
    __Vectors_End                            0x08000130   Data           0  startup_stm32f10x_hd.o(RESET)
    __main                                   0x08000131   Thumb Code     8  __main.o(!!!main)
    __scatterload                            0x08000139   Thumb Code     0  __scatter.o(!!!scatter)
    __scatterload_rt2                        0x08000139   Thumb Code    44  __scatter.o(!!!scatter)
    __scatterload_rt2_thumb_only             0x08000139   Thumb Code     0  __scatter.o(!!!scatter)
    __scatterload_null                       0x08000147   Thumb Code     0  __scatter.o(!!!scatter)
    __scatterload_copy                       0x0800016d   Thumb Code    26  __scatter_copy.o(!!handler_copy)
    __scatterload_zeroinit                   0x08000189   Thumb Code    28  __scatter_zi.o(!!handler_zi)
    _printf_d                                0x080001a5   Thumb Code     0  _printf_d.o(.ARM.Collect$$_printf_percent$$00000009)
    _printf_percent                          0x080001a5   Thumb Code     0  _printf_percent.o(.ARM.Collect$$_printf_percent$$00000000)
    _printf_x                                0x080001ab   Thumb Code     0  _printf_x.o(.ARM.Collect$$_printf_percent$$0000000C)
    _printf_s                                0x080001b1   Thumb Code     0  _printf_s.o(.ARM.Collect$$_printf_percent$$00000014)
    _printf_percent_end                      0x080001b7   Thumb Code     0  _printf_percent_end.o(.ARM.Collect$$_printf_percent$$00000017)
    __rt_lib_init                            0x080001bb   Thumb Code     0  libinit.o(.ARM.Collect$$libinit$$00000000)
    __rt_lib_init_fp_1                       0x080001bd   Thumb Code     0  libinit2.o(.ARM.Collect$$libinit$$00000002)
    __rt_lib_init_heap_1                     0x080001bd   Thumb Code     0  libinit2.o(.ARM.Collect$$libinit$$00000008)
    __rt_lib_init_rand_2                     0x080001bd   Thumb Code     0  libinit2.o(.ARM.Collect$$libinit$$0000000B)
    __rt_lib_init_user_alloc_1               0x080001bd   Thumb Code     0  libinit2.o(.ARM.Collect$$libinit$$0000000A)
    __rt_lib_init_alloca_1                   0x080001c1   Thumb Code     0  libinit2.o(.ARM.Collect$$libinit$$0000002C)
    __rt_lib_init_argv_1                     0x080001c1   Thumb Code     0  libinit2.o(.ARM.Collect$$libinit$$0000002A)
    __rt_lib_init_atexit_1                   0x080001c1   Thumb Code     0  libinit2.o(.ARM.Collect$$libinit$$00000019)
    __rt_lib_init_clock_1                    0x080001c1   Thumb Code     0  libinit2.o(.ARM.Collect$$libinit$$0000001F)
    __rt_lib_init_cpp_1                      0x080001c1   Thumb Code     0  libinit2.o(.ARM.Collect$$libinit$$00000030)
    __rt_lib_init_exceptions_1               0x080001c1   Thumb Code     0  libinit2.o(.ARM.Collect$$libinit$$0000002E)
    __rt_lib_init_fp_trap_1                  0x080001c1   Thumb Code     0  libinit2.o(.ARM.Collect$$libinit$$0000001D)
    __rt_lib_init_getenv_1                   0x080001c1   Thumb Code     0  libinit2.o(.ARM.Collect$$libinit$$00000021)
    __rt_lib_init_lc_collate_1               0x080001c1   Thumb Code     0  libinit2.o(.ARM.Collect$$libinit$$0000000F)
    __rt_lib_init_lc_ctype_1                 0x080001c1   Thumb Code     0  libinit2.o(.ARM.Collect$$libinit$$00000011)
    __rt_lib_init_lc_monetary_1              0x080001c1   Thumb Code     0  libinit2.o(.ARM.Collect$$libinit$$00000013)
    __rt_lib_init_lc_numeric_1               0x080001c1   Thumb Code     0  libinit2.o(.ARM.Collect$$libinit$$00000015)
    __rt_lib_init_lc_time_1                  0x080001c1   Thumb Code     0  libinit2.o(.ARM.Collect$$libinit$$00000017)
    __rt_lib_init_rand_1                     0x080001c1   Thumb Code     0  libinit2.o(.ARM.Collect$$libinit$$0000000C)
    __rt_lib_init_return                     0x080001c1   Thumb Code     0  libinit2.o(.ARM.Collect$$libinit$$00000031)
    __rt_lib_init_signal_1                   0x080001c1   Thumb Code     0  libinit2.o(.ARM.Collect$$libinit$$0000001B)
    __rt_lib_init_stdio_1                    0x080001c1   Thumb Code     0  libinit2.o(.ARM.Collect$$libinit$$00000023)
    __rt_lib_shutdown                        0x080001c3   Thumb Code     0  libshutdown.o(.ARM.Collect$$libshutdown$$00000000)
    __rt_lib_shutdown_fp_trap_1              0x080001c5   Thumb Code     0  libshutdown2.o(.ARM.Collect$$libshutdown$$00000006)
    __rt_lib_shutdown_heap_1                 0x080001c5   Thumb Code     0  libshutdown2.o(.ARM.Collect$$libshutdown$$0000000E)
    __rt_lib_shutdown_return                 0x080001c5   Thumb Code     0  libshutdown2.o(.ARM.Collect$$libshutdown$$0000000F)
    __rt_lib_shutdown_signal_1               0x080001c5   Thumb Code     0  libshutdown2.o(.ARM.Collect$$libshutdown$$00000009)
    __rt_lib_shutdown_stdio_1                0x080001c5   Thumb Code     0  libshutdown2.o(.ARM.Collect$$libshutdown$$00000003)
    __rt_lib_shutdown_user_alloc_1           0x080001c5   Thumb Code     0  libshutdown2.o(.ARM.Collect$$libshutdown$$0000000B)
    __rt_entry                               0x080001c7   Thumb Code     0  rtentry.o(.ARM.Collect$$rtentry$$00000000)
    __rt_entry_presh_1                       0x080001c7   Thumb Code     0  rtentry2.o(.ARM.Collect$$rtentry$$00000002)
    __rt_entry_sh                            0x080001c7   Thumb Code     0  rtentry4.o(.ARM.Collect$$rtentry$$00000004)
    __rt_entry_li                            0x080001cd   Thumb Code     0  rtentry2.o(.ARM.Collect$$rtentry$$0000000A)
    __rt_entry_postsh_1                      0x080001cd   Thumb Code     0  rtentry2.o(.ARM.Collect$$rtentry$$00000009)
    __rt_entry_main                          0x080001d1   Thumb Code     0  rtentry2.o(.ARM.Collect$$rtentry$$0000000D)
    __rt_entry_postli_1                      0x080001d1   Thumb Code     0  rtentry2.o(.ARM.Collect$$rtentry$$0000000C)
    __rt_exit                                0x080001d9   Thumb Code     0  rtexit.o(.ARM.Collect$$rtexit$$00000000)
    __rt_exit_ls                             0x080001db   Thumb Code     0  rtexit2.o(.ARM.Collect$$rtexit$$00000003)
    __rt_exit_prels_1                        0x080001db   Thumb Code     0  rtexit2.o(.ARM.Collect$$rtexit$$00000002)
    __rt_exit_exit                           0x080001df   Thumb Code     0  rtexit2.o(.ARM.Collect$$rtexit$$00000004)
    rand                                     0x080001e5   Thumb Code    48  rand.o(.emb_text)
    SystemInit_ExtMemCtl                     0x08000219   Thumb Code     2  startup_stm32f10x_hd.o(.text)
    Reset_Handler                            0x0800021b   Thumb Code    14  startup_stm32f10x_hd.o(.text)
    NMI_Handler                              0x08000229   Thumb Code     2  startup_stm32f10x_hd.o(.text)
    MemManage_Handler                        0x0800022d   Thumb Code     2  startup_stm32f10x_hd.o(.text)
    BusFault_Handler                         0x0800022f   Thumb Code     2  startup_stm32f10x_hd.o(.text)
    UsageFault_Handler                       0x08000231   Thumb Code     2  startup_stm32f10x_hd.o(.text)
    SVC_Handler                              0x08000233   Thumb Code     2  startup_stm32f10x_hd.o(.text)
    DebugMon_Handler                         0x08000235   Thumb Code     2  startup_stm32f10x_hd.o(.text)
    ADC1_2_IRQHandler                        0x0800023b   Thumb Code     0  startup_stm32f10x_hd.o(.text)
    ADC3_IRQHandler                          0x0800023b   Thumb Code     0  startup_stm32f10x_hd.o(.text)
    CAN1_RX1_IRQHandler                      0x0800023b   Thumb Code     0  startup_stm32f10x_hd.o(.text)
    CAN1_SCE_IRQHandler                      0x0800023b   Thumb Code     0  startup_stm32f10x_hd.o(.text)
    DMA1_Channel1_IRQHandler                 0x0800023b   Thumb Code     0  startup_stm32f10x_hd.o(.text)
    DMA1_Channel2_IRQHandler                 0x0800023b   Thumb Code     0  startup_stm32f10x_hd.o(.text)
    DMA1_Channel3_IRQHandler                 0x0800023b   Thumb Code     0  startup_stm32f10x_hd.o(.text)
    DMA1_Channel4_IRQHandler                 0x0800023b   Thumb Code     0  startup_stm32f10x_hd.o(.text)
    DMA1_Channel5_IRQHandler                 0x0800023b   Thumb Code     0  startup_stm32f10x_hd.o(.text)
    DMA1_Channel6_IRQHandler                 0x0800023b   Thumb Code     0  startup_stm32f10x_hd.o(.text)
    DMA1_Channel7_IRQHandler                 0x0800023b   Thumb Code     0  startup_stm32f10x_hd.o(.text)
    DMA2_Channel1_IRQHandler                 0x0800023b   Thumb Code     0  startup_stm32f10x_hd.o(.text)
    DMA2_Channel2_IRQHandler                 0x0800023b   Thumb Code     0  startup_stm32f10x_hd.o(.text)
    DMA2_Channel3_IRQHandler                 0x0800023b   Thumb Code     0  startup_stm32f10x_hd.o(.text)
    DMA2_Channel4_5_IRQHandler               0x0800023b   Thumb Code     0  startup_stm32f10x_hd.o(.text)
    EXTI0_IRQHandler                         0x0800023b   Thumb Code     0  startup_stm32f10x_hd.o(.text)
    EXTI15_10_IRQHandler                     0x0800023b   Thumb Code     0  startup_stm32f10x_hd.o(.text)
    EXTI1_IRQHandler                         0x0800023b   Thumb Code     0  startup_stm32f10x_hd.o(.text)
    EXTI2_IRQHandler                         0x0800023b   Thumb Code     0  startup_stm32f10x_hd.o(.text)
    EXTI3_IRQHandler                         0x0800023b   Thumb Code     0  startup_stm32f10x_hd.o(.text)
    EXTI4_IRQHandler                         0x0800023b   Thumb Code     0  startup_stm32f10x_hd.o(.text)
    EXTI9_5_IRQHandler                       0x0800023b   Thumb Code     0  startup_stm32f10x_hd.o(.text)
    FLASH_IRQHandler                         0x0800023b   Thumb Code     0  startup_stm32f10x_hd.o(.text)
    FSMC_IRQHandler                          0x0800023b   Thumb Code     0  startup_stm32f10x_hd.o(.text)
    I2C1_ER_IRQHandler                       0x0800023b   Thumb Code     0  startup_stm32f10x_hd.o(.text)
    I2C1_EV_IRQHandler                       0x0800023b   Thumb Code     0  startup_stm32f10x_hd.o(.text)
    I2C2_ER_IRQHandler                       0x0800023b   Thumb Code     0  startup_stm32f10x_hd.o(.text)
    I2C2_EV_IRQHandler                       0x0800023b   Thumb Code     0  startup_stm32f10x_hd.o(.text)
    PVD_IRQHandler                           0x0800023b   Thumb Code     0  startup_stm32f10x_hd.o(.text)
    RCC_IRQHandler                           0x0800023b   Thumb Code     0  startup_stm32f10x_hd.o(.text)
    RTCAlarm_IRQHandler                      0x0800023b   Thumb Code     0  startup_stm32f10x_hd.o(.text)
    RTC_IRQHandler                           0x0800023b   Thumb Code     0  startup_stm32f10x_hd.o(.text)
    SDIO_IRQHandler                          0x0800023b   Thumb Code     0  startup_stm32f10x_hd.o(.text)
    SPI3_IRQHandler                          0x0800023b   Thumb Code     0  startup_stm32f10x_hd.o(.text)
    TAMPER_IRQHandler                        0x0800023b   Thumb Code     0  startup_stm32f10x_hd.o(.text)
    TIM1_BRK_IRQHandler                      0x0800023b   Thumb Code     0  startup_stm32f10x_hd.o(.text)
    TIM1_CC_IRQHandler                       0x0800023b   Thumb Code     0  startup_stm32f10x_hd.o(.text)
    TIM1_TRG_COM_IRQHandler                  0x0800023b   Thumb Code     0  startup_stm32f10x_hd.o(.text)
    TIM1_UP_IRQHandler                       0x0800023b   Thumb Code     0  startup_stm32f10x_hd.o(.text)
    TIM2_IRQHandler                          0x0800023b   Thumb Code     0  startup_stm32f10x_hd.o(.text)
    TIM3_IRQHandler                          0x0800023b   Thumb Code     0  startup_stm32f10x_hd.o(.text)
    TIM4_IRQHandler                          0x0800023b   Thumb Code     0  startup_stm32f10x_hd.o(.text)
    TIM5_IRQHandler                          0x0800023b   Thumb Code     0  startup_stm32f10x_hd.o(.text)
    TIM6_IRQHandler                          0x0800023b   Thumb Code     0  startup_stm32f10x_hd.o(.text)
    TIM7_IRQHandler                          0x0800023b   Thumb Code     0  startup_stm32f10x_hd.o(.text)
    TIM8_BRK_IRQHandler                      0x0800023b   Thumb Code     0  startup_stm32f10x_hd.o(.text)
    TIM8_CC_IRQHandler                       0x0800023b   Thumb Code     0  startup_stm32f10x_hd.o(.text)
    TIM8_TRG_COM_IRQHandler                  0x0800023b   Thumb Code     0  startup_stm32f10x_hd.o(.text)
    TIM8_UP_IRQHandler                       0x0800023b   Thumb Code     0  startup_stm32f10x_hd.o(.text)
    USART1_IRQHandler                        0x0800023b   Thumb Code     0  startup_stm32f10x_hd.o(.text)
    USART2_IRQHandler                        0x0800023b   Thumb Code     0  startup_stm32f10x_hd.o(.text)
    USART3_IRQHandler                        0x0800023b   Thumb Code     0  startup_stm32f10x_hd.o(.text)
    USBWakeUp_IRQHandler                     0x0800023b   Thumb Code     0  startup_stm32f10x_hd.o(.text)
    USB_HP_CAN1_TX_IRQHandler                0x0800023b   Thumb Code     0  startup_stm32f10x_hd.o(.text)
    USB_LP_CAN1_RX0_IRQHandler               0x0800023b   Thumb Code     0  startup_stm32f10x_hd.o(.text)
    WWDG_IRQHandler                          0x0800023b   Thumb Code     0  startup_stm32f10x_hd.o(.text)
    __user_initial_stackheap                 0x0800023d   Thumb Code     0  startup_stm32f10x_hd.o(.text)
    OS_CPU_SR_Save                           0x08000265   Thumb Code     0  os_cpu_a.o(.text)
    OS_CPU_SR_Restore                        0x0800026d   Thumb Code     0  os_cpu_a.o(.text)
    OSStartHighRdy                           0x08000273   Thumb Code     0  os_cpu_a.o(.text)
    OSCtxSw                                  0x08000293   Thumb Code     0  os_cpu_a.o(.text)
    OSIntCtxSw                               0x0800029d   Thumb Code     0  os_cpu_a.o(.text)
    PendSV_Handler                           0x080002a7   Thumb Code     0  os_cpu_a.o(.text)
    __use_no_semihosting                     0x0800030d   Thumb Code     2  use_no_semi_2.o(.text)
    __2printf                                0x08000311   Thumb Code    20  __2printf.o(.text)
    __2sprintf                               0x08000329   Thumb Code    38  __2sprintf.o(.text)
    _printf_pre_padding                      0x08000355   Thumb Code    44  _printf_pad.o(.text)
    _printf_post_padding                     0x08000381   Thumb Code    34  _printf_pad.o(.text)
    _printf_str                              0x080003a3   Thumb Code    82  _printf_str.o(.text)
    _printf_int_dec                          0x080003f5   Thumb Code   100  _printf_dec.o(.text)
    _printf_int_hex                          0x08000469   Thumb Code    84  _printf_hex_int.o(.text)
    _printf_longlong_hex                     0x08000469   Thumb Code     0  _printf_hex_int.o(.text)
    __printf                                 0x080004c1   Thumb Code   388  __printf_flags_ss_wp.o(.text)
    srand                                    0x08000649   Thumb Code    42  rand.o(.text)
    _rand_init                               0x08000673   Thumb Code     4  rand.o(.text)
    strlen                                   0x08000685   Thumb Code    62  strlen.o(.text)
    __aeabi_memcpy                           0x080006c3   Thumb Code     0  rt_memcpy_v6.o(.text)
    __rt_memcpy                              0x080006c3   Thumb Code   138  rt_memcpy_v6.o(.text)
    _memcpy_lastbytes                        0x08000729   Thumb Code     0  rt_memcpy_v6.o(.text)
    __aeabi_memclr4                          0x0800074d   Thumb Code     0  rt_memclr_w.o(.text)
    __aeabi_memclr8                          0x0800074d   Thumb Code     0  rt_memclr_w.o(.text)
    __rt_memclr_w                            0x0800074d   Thumb Code    78  rt_memclr_w.o(.text)
    _memset_w                                0x08000751   Thumb Code     0  rt_memclr_w.o(.text)
    __use_two_region_memory                  0x0800079b   Thumb Code     2  heapauxi.o(.text)
    __rt_heap_escrow$2region                 0x0800079d   Thumb Code     2  heapauxi.o(.text)
    __rt_heap_expand$2region                 0x0800079f   Thumb Code     2  heapauxi.o(.text)
    __I$use$semihosting                      0x080007a1   Thumb Code     0  use_no_semi.o(.text)
    __use_no_semihosting_swi                 0x080007a1   Thumb Code     2  use_no_semi.o(.text)
    _printf_int_common                       0x080007a3   Thumb Code   178  _printf_intcommon.o(.text)
    _printf_char_common                      0x0800085f   Thumb Code    32  _printf_char_common.o(.text)
    _sputc                                   0x08000885   Thumb Code    10  _sputc.o(.text)
    _printf_cs_common                        0x0800088f   Thumb Code    20  _printf_char.o(.text)
    _printf_char                             0x080008a3   Thumb Code    16  _printf_char.o(.text)
    _printf_string                           0x080008b3   Thumb Code     8  _printf_char.o(.text)
    _printf_char_file                        0x080008bd   Thumb Code    32  _printf_char_file.o(.text)
    __aeabi_memcpy4                          0x080008e1   Thumb Code     0  rt_memcpy_w.o(.text)
    __aeabi_memcpy8                          0x080008e1   Thumb Code     0  rt_memcpy_w.o(.text)
    __rt_memcpy_w                            0x080008e1   Thumb Code   100  rt_memcpy_w.o(.text)
    _memcpy_lastbytes_aligned                0x08000929   Thumb Code     0  rt_memcpy_w.o(.text)
    ferror                                   0x08000945   Thumb Code     8  ferror.o(.text)
    __user_setup_stackheap                   0x0800094d   Thumb Code    74  sys_stackheap_outer.o(.text)
    exit                                     0x08000997   Thumb Code    12  exit.o(.text)
    __user_libspace                          0x080009a5   Thumb Code     8  libspace.o(.text)
    __user_perproc_libspace                  0x080009a5   Thumb Code     0  libspace.o(.text)
    __user_perthread_libspace                0x080009a5   Thumb Code     0  libspace.o(.text)
    BOARD_HardwaveInit                       0x080009ad   Thumb Code    30  board.o(i.BOARD_HardwaveInit)
    CRC16                                    0x080009d5   Thumb Code    78  system.o(i.CRC16)
    DHCP_init                                0x08000ab9   Thumb Code    48  dhcp.o(i.DHCP_init)
    DHCP_run                                 0x08000af1   Thumb Code   434  dhcp.o(i.DHCP_run)
    DHCP_stop                                0x08000d7d   Thumb Code    18  dhcp.o(i.DHCP_stop)
    DHCP_time_handler                        0x08000d95   Thumb Code    10  dhcp.o(i.DHCP_time_handler)
    DMA_MemoryToPeripheralConfig             0x08000da5   Thumb Code    64  dma.o(i.DMA_MemoryToPeripheralConfig)
    DMA_PeripheralToMemory                   0x08000de5   Thumb Code    80  dma.o(i.DMA_PeripheralToMemory)
    DMA_StartChannel                         0x08000e35   Thumb Code    22  dma.o(i.DMA_StartChannel)
    DMA_WaitComplete                         0x08000e4d   Thumb Code    18  dma.o(i.DMA_WaitComplete)
    Delay_US                                 0x08000e65   Thumb Code    28  delay.o(i.Delay_US)
    DeviceClockEnable                        0x08000e81   Thumb Code    98  system.o(i.DeviceClockEnable)
    DeviceReset                              0x08000ee9   Thumb Code    66  system.o(i.DeviceReset)
    GPIOx_Init                               0x08000f31   Thumb Code   242  gpio_init.o(i.GPIOx_Init)
    HardFault_Handler                        0x08001025   Thumb Code    22  main.o(i.HardFault_Handler)
    IWDG_Init                                0x08001081   Thumb Code    24  wdg.o(i.IWDG_Init)
    InternetGetConnectedState                0x0800109d   Thumb Code    22  w5500_socket.o(i.InternetGetConnectedState)
    JTAG_Set                                 0x080010b9   Thumb Code    30  system.o(i.JTAG_Set)
    LED_Init                                 0x080010e1   Thumb Code    30  led.o(i.LED_Init)
    NVIC_IntEnable                           0x08001109   Thumb Code    32  system.o(i.NVIC_IntEnable)
    NibbleToHex                              0x08001129   Thumb Code    20  dhcp.o(i.NibbleToHex)
    OSInit                                   0x0800113d   Thumb Code    42  os_core.o(i.OSInit)
    OSInitHookBegin                          0x08001167   Thumb Code     2  os_cpu_c.o(i.OSInitHookBegin)
    OSInitHookEnd                            0x08001169   Thumb Code     2  os_cpu_c.o(i.OSInitHookEnd)
    OSIntExit                                0x0800116d   Thumb Code    80  os_core.o(i.OSIntExit)
    OSStart                                  0x080011c5   Thumb Code    38  os_core.o(i.OSStart)
    OSStatInit                               0x080011f5   Thumb Code    48  os_core.o(i.OSStatInit)
    OSTCBInitHook                            0x08001229   Thumb Code     2  os_cpu_c.o(i.OSTCBInitHook)
    OSTaskCreate                             0x0800122d   Thumb Code   124  os_task.o(i.OSTaskCreate)
    OSTaskCreateHook                         0x080012b5   Thumb Code     2  os_cpu_c.o(i.OSTaskCreateHook)
    OSTaskIdleHook                           0x080012b7   Thumb Code     2  os_cpu_c.o(i.OSTaskIdleHook)
    OSTaskNameSet                            0x080012b9   Thumb Code   126  os_task.o(i.OSTaskNameSet)
    OSTaskStatHook                           0x08001345   Thumb Code     2  os_cpu_c.o(i.OSTaskStatHook)
    OSTaskStkInit                            0x08001347   Thumb Code    90  os_cpu_c.o(i.OSTaskStkInit)
    OSTaskSuspend                            0x080013a1   Thumb Code   128  os_task.o(i.OSTaskSuspend)
    OSTaskSwHook                             0x08001431   Thumb Code     2  os_cpu_c.o(i.OSTaskSwHook)
    OSTimeDly                                0x08001435   Thumb Code    70  os_time.o(i.OSTimeDly)
    OSTimeDlyHMSM                            0x0800148d   Thumb Code    90  os_time.o(i.OSTimeDlyHMSM)
    OSTimeTick                               0x080014ed   Thumb Code   158  os_core.o(i.OSTimeTick)
    OS_FlagInit                              0x08001591   Thumb Code    58  os_flag.o(i.OS_FlagInit)
    OS_MemClr                                0x0800171d   Thumb Code    18  os_core.o(i.OS_MemClr)
    OS_Sched                                 0x08001731   Thumb Code    64  os_core.o(i.OS_Sched)
    OS_Sleep                                 0x08001799   Thumb Code    56  w5500_socket.o(i.OS_Sleep)
    OS_StrCopy                               0x080017d5   Thumb Code    28  os_core.o(i.OS_StrCopy)
    OS_StrLen                                0x080017f1   Thumb Code    20  os_core.o(i.OS_StrLen)
    OS_TCBInit                               0x08001805   Thumb Code   182  os_core.o(i.OS_TCBInit)
    OS_TaskIdle                              0x080018c5   Thumb Code    22  os_core.o(i.OS_TaskIdle)
    OS_TaskStat                              0x080018e1   Thumb Code    78  os_core.o(i.OS_TaskStat)
    RandPort                                 0x08001935   Thumb Code   112  w5500_socket.o(i.RandPort)
    SOCKET_Task                              0x080019f9   Thumb Code   228  socket_tas.o(i.SOCKET_Task)
    SPI1_IRQHandler                          0x08001b89   Thumb Code    52  spi.o(i.SPI1_IRQHandler)
    SPI2_IRQHandler                          0x08001bc5   Thumb Code    56  spi.o(i.SPI2_IRQHandler)
    SPIx_Config                              0x08001c05   Thumb Code   164  spi.o(i.SPIx_Config)
    SPIx_Init                                0x08001cad   Thumb Code   470  spi.o(i.SPIx_Init)
    SPIx_ReadWriteByte                       0x08001e99   Thumb Code    66  spi.o(i.SPIx_ReadWriteByte)
    SPIx_SetSpeed                            0x08001ee1   Thumb Code    88  spi.o(i.SPIx_SetSpeed)
    SYSTEM_ClockInit                         0x08001f41   Thumb Code   424  system.o(i.SYSTEM_ClockInit)
    SYSTEM_GetClkSpeed                       0x080020fd   Thumb Code    64  system.o(i.SYSTEM_GetClkSpeed)
    SYSTEM_SoftReset                         0x08002149   Thumb Code     8  system.o(i.SYSTEM_SoftReset)
    SYS_GetOSRunTime                         0x08002159   Thumb Code     8  system.o(i.SYS_GetOSRunTime)
    SYS_GetSystemClockSource                 0x08002165   Thumb Code    40  system.o(i.SYS_GetSystemClockSource)
    SysTick_Configuration                    0x08002191   Thumb Code    48  system.o(i.SysTick_Configuration)
    SysTick_Handler                          0x080021c1   Thumb Code    46  system.o(i.SysTick_Handler)
    TaskSystem                               0x080021f9   Thumb Code    62  main.o(i.TaskSystem)
    UART4_IRQHandler                         0x08002259   Thumb Code    60  usart.o(i.UART4_IRQHandler)
    UART5_IRQHandler                         0x0800229d   Thumb Code    66  usart.o(i.UART5_IRQHandler)
    UARTx_ClearRxInt                         0x080022e9   Thumb Code    20  usart.o(i.UARTx_ClearRxInt)
    UARTx_Init                               0x08002301   Thumb Code   470  usart.o(i.UARTx_Init)
    UARTx_PowerDown                          0x080024f1   Thumb Code   182  usart.o(i.UARTx_PowerDown)
    UARTx_PowerUp                            0x080025bd   Thumb Code   178  usart.o(i.UARTx_PowerUp)
    UARTx_SendByte                           0x08002685   Thumb Code    58  usart.o(i.UARTx_SendByte)
    UARTx_SetBaudRate                        0x080026c5   Thumb Code   132  usart.o(i.UARTx_SetBaudRate)
    UARTx_SetRxBuff                          0x0800274d   Thumb Code    80  usart.o(i.UARTx_SetRxBuff)
    W5500_ClearOneSocketIntStatus            0x08002949   Thumb Code    24  w5500.o(i.W5500_ClearOneSocketIntStatus)
    W5500_CloseOneSocket                     0x08002965   Thumb Code    82  w5500.o(i.W5500_CloseOneSocket)
    W5500_CreateTcpClient                    0x080029d1   Thumb Code   320  w5500.o(i.W5500_CreateTcpClient)
    W5500_CreateTcpServer                    0x08002b5d   Thumb Code   214  w5500.o(i.W5500_CreateTcpServer)
    W5500_CreateUdpClient                    0x08002c8d   Thumb Code   232  w5500.o(i.W5500_CreateUdpClient)
    W5500_DisconnectOneSocket                0x08002dc5   Thumb Code    66  w5500.o(i.W5500_DisconnectOneSocket)
    W5500_GetInt                             0x08002e2d   Thumb Code     8  w5500_socket.o(i.W5500_GetInt)
    W5500_GetOneSocketFreeTxBuffSzie         0x08002e39   Thumb Code    18  w5500.o(i.W5500_GetOneSocketFreeTxBuffSzie)
    W5500_GetOneSocketIntStatus              0x08002e51   Thumb Code    18  w5500.o(i.W5500_GetOneSocketIntStatus)
    W5500_GetOneSocketRxBuffRD               0x08002e69   Thumb Code    18  w5500.o(i.W5500_GetOneSocketRxBuffRD)
    W5500_GetOneSocketRxDataSize             0x08002e81   Thumb Code    18  w5500_socket.o(i.W5500_GetOneSocketRxDataSize)
    W5500_GetOneSocketStatus                 0x08002e99   Thumb Code    18  w5500.o(i.W5500_GetOneSocketStatus)
    W5500_GetOneSocketTxBuffRD               0x08002eb1   Thumb Code    18  w5500.o(i.W5500_GetOneSocketTxBuffRD)
    W5500_GetPHY_Status                      0x08002ec9   Thumb Code    16  w5500.o(i.W5500_GetPHY_Status)
    W5500_Init                               0x08002ed9   Thumb Code   186  w5500.o(i.W5500_Init)
    W5500_InitConfig                         0x08002f9d   Thumb Code   260  w5500.o(i.W5500_InitConfig)
    W5500_OneSocketRxBuffReset               0x08003101   Thumb Code    56  w5500.o(i.W5500_OneSocketRxBuffReset)
    W5500_OneSocketTxBuffReset               0x0800313d   Thumb Code    44  w5500.o(i.W5500_OneSocketTxBuffReset)
    W5500_ReadDuadReg                        0x08003169   Thumb Code    32  w5500.o(i.W5500_ReadDuadReg)
    W5500_ReadMultiReg                       0x08003189   Thumb Code    72  w5500.o(i.W5500_ReadMultiReg)
    W5500_ReadOneReg                         0x080031d1   Thumb Code    52  w5500.o(i.W5500_ReadOneReg)
    W5500_ReadOneSocketTcpRxData             0x08003205   Thumb Code    72  w5500.o(i.W5500_ReadOneSocketTcpRxData)
    W5500_ReadOneSocketUdpRxData             0x08003251   Thumb Code   188  w5500.o(i.W5500_ReadOneSocketUdpRxData)
    W5500_ReadWrtieByte                      0x08003311   Thumb Code     8  w5500_socket.o(i.W5500_ReadWrtieByte)
    W5500_SendOneSocketCmd                   0x08003319   Thumb Code    24  w5500.o(i.W5500_SendOneSocketCmd)
    W5500_SetCS                              0x08003335   Thumb Code     6  w5500_socket.o(i.W5500_SetCS)
    W5500_SetMode                            0x08003341   Thumb Code    12  w5500.o(i.W5500_SetMode)
    W5500_SetOneSocketDestIP                 0x0800334d   Thumb Code    24  w5500.o(i.W5500_SetOneSocketDestIP)
    W5500_SetOneSocketDestPort               0x08003369   Thumb Code    24  w5500.o(i.W5500_SetOneSocketDestPort)
    W5500_SetOneSocketIntEnable              0x08003385   Thumb Code    24  w5500.o(i.W5500_SetOneSocketIntEnable)
    W5500_SetOneSocketLoaclPort              0x080033a1   Thumb Code    24  w5500.o(i.W5500_SetOneSocketLoaclPort)
    W5500_SetOneSocketMaxTransUnit           0x080033bd   Thumb Code    22  w5500.o(i.W5500_SetOneSocketMaxTransUnit)
    W5500_SetOneSocketRxBuffRD               0x080033d9   Thumb Code    24  w5500.o(i.W5500_SetOneSocketRxBuffRD)
    W5500_SetOneSocketTcpHeartPackTime       0x080033f5   Thumb Code    24  w5500.o(i.W5500_SetOneSocketTcpHeartPackTime)
    W5500_SetOneSocketTcpMode                0x08003411   Thumb Code    18  w5500.o(i.W5500_SetOneSocketTcpMode)
    W5500_SetOneSocketTxBuffWR               0x08003429   Thumb Code    24  w5500.o(i.W5500_SetOneSocketTxBuffWR)
    W5500_SetPHY_OPMDC                       0x08003445   Thumb Code    22  w5500.o(i.W5500_SetPHY_OPMDC)
    W5500_WriteDuadReg                       0x0800345b   Thumb Code    24  w5500.o(i.W5500_WriteDuadReg)
    W5500_WriteMultiReg                      0x08003473   Thumb Code    72  w5500.o(i.W5500_WriteMultiReg)
    W5500_WriteOneReg                        0x080034bb   Thumb Code    58  w5500.o(i.W5500_WriteOneReg)
    W5500_WriteOneSocketTcpTxData            0x080034f5   Thumb Code   100  w5500.o(i.W5500_WriteOneSocketTcpTxData)
    W5500_WriteOneSocketUdpTxData            0x0800355d   Thumb Code   132  w5500.o(i.W5500_WriteOneSocketUdpTxData)
    WSAStartup                               0x080035e5   Thumb Code   208  w5500_socket.o(i.WSAStartup)
    _is_digit                                0x08003891   Thumb Code    14  __printf_wp.o(i._is_digit)
    _sys_exit                                0x0800389f   Thumb Code     2  system.o(i._sys_exit)
    bind                                     0x080038a1   Thumb Code   160  w5500_socket.o(i.bind)
    check_DHCP_leasedIP                      0x0800398d   Thumb Code   118  dhcp.o(i.check_DHCP_leasedIP)
    check_DHCP_timeout                       0x08003a5d   Thumb Code   108  dhcp.o(i.check_DHCP_timeout)
    closesocket                              0x08003acd   Thumb Code    52  w5500_socket.o(i.closesocket)
    connect                                  0x08003b15   Thumb Code   198  w5500_socket.o(i.connect)
    default_ip_assign                        0x08003c25   Thumb Code     2  dhcp.o(i.default_ip_assign)
    default_ip_conflict                      0x08003c27   Thumb Code     2  dhcp.o(i.default_ip_conflict)
    default_ip_update                        0x08003c29   Thumb Code     2  dhcp.o(i.default_ip_update)
    fputc                                    0x08003c2d   Thumb Code    24  system.o(i.fputc)
    getLocalHostName                         0x08003c49   Thumb Code    56  w5500_socket.o(i.getLocalHostName)
    getLocalMAC                              0x08003c85   Thumb Code    22  w5500_socket.o(i.getLocalMAC)
    getsockopt                               0x08003ca1   Thumb Code    82  w5500_socket.o(i.getsockopt)
    main                                     0x08003d15   Thumb Code   202  main.o(i.main)
    makeDHCPMSG                              0x08003ea5   Thumb Code   180  dhcp.o(i.makeDHCPMSG)
    netsh_ip_addr                            0x08003f5d   Thumb Code    22  w5500_socket.o(i.netsh_ip_addr)
    netsh_ip_gateway                         0x08003f79   Thumb Code    22  w5500_socket.o(i.netsh_ip_gateway)
    netsh_ip_mask                            0x08003f95   Thumb Code    22  w5500_socket.o(i.netsh_ip_mask)
    parseDHCPMSG                             0x08003fb1   Thumb Code   374  dhcp.o(i.parseDHCPMSG)
    recvfrom                                 0x08004189   Thumb Code   264  w5500_socket.o(i.recvfrom)
    reset_DHCP_timeout                       0x080042cd   Thumb Code    14  dhcp.o(i.reset_DHCP_timeout)
    send_DHCP_DECLINE                        0x080042e1   Thumb Code   224  dhcp.o(i.send_DHCP_DECLINE)
    send_DHCP_DISCOVER                       0x080043dd   Thumb Code   390  dhcp.o(i.send_DHCP_DISCOVER)
    send_DHCP_REQUEST                        0x080045c1   Thumb Code   662  dhcp.o(i.send_DHCP_REQUEST)
    sendto                                   0x08004875   Thumb Code   268  w5500_socket.o(i.sendto)
    setsockopt                               0x08004a2d   Thumb Code    56  w5500_socket.o(i.setsockopt)
    socket                                   0x08004a79   Thumb Code   132  w5500_socket.o(i.socket)
    socket_GetError                          0x08004b4d   Thumb Code     6  w5500_socket.o(i.socket_GetError)
    __aeabi_d2f                              0x08004b59   Thumb Code     0  d2f.o(x$fpl$d2f)
    _d2f                                     0x08004b59   Thumb Code    98  d2f.o(x$fpl$d2f)
    __fpl_dcheck_NaN1                        0x08004bbd   Thumb Code    10  dcheck1.o(x$fpl$dcheck1)
    __aeabi_ddiv                             0x08004bcd   Thumb Code     0  ddiv.o(x$fpl$ddiv)
    _ddiv                                    0x08004bcd   Thumb Code   552  ddiv.o(x$fpl$ddiv)
    __aeabi_ui2d                             0x08004e7d   Thumb Code     0  dflt_clz.o(x$fpl$dfltu)
    _dfltu                                   0x08004e7d   Thumb Code    38  dflt_clz.o(x$fpl$dfltu)
    __fpl_dnaninf                            0x08004ea3   Thumb Code   156  dnaninf.o(x$fpl$dnaninf)
    __fpl_dretinf                            0x08004f3f   Thumb Code    12  dretinf.o(x$fpl$dretinf)
    __aeabi_f2d                              0x08004f4d   Thumb Code     0  f2d.o(x$fpl$f2d)
    _f2d                                     0x08004f4d   Thumb Code    86  f2d.o(x$fpl$f2d)
    __aeabi_fadd                             0x08004fa5   Thumb Code     0  faddsub_clz.o(x$fpl$fadd)
    _fadd                                    0x08004fa5   Thumb Code   196  faddsub_clz.o(x$fpl$fadd)
    __fpl_fcheck_NaN1                        0x08005069   Thumb Code     6  fcheck1.o(x$fpl$fcheck1)
    __aeabi_f2uiz                            0x08005075   Thumb Code     0  ffixu.o(x$fpl$ffixu)
    _ffixu                                   0x08005075   Thumb Code    62  ffixu.o(x$fpl$ffixu)
    __aeabi_ui2f                             0x080050b5   Thumb Code     0  fflt_clz.o(x$fpl$ffltu)
    _ffltu                                   0x080050b5   Thumb Code    38  fflt_clz.o(x$fpl$ffltu)
    __fpl_fnaninf                            0x080050db   Thumb Code   140  fnaninf.o(x$fpl$fnaninf)
    __fpl_fretinf                            0x08005167   Thumb Code    10  fretinf.o(x$fpl$fretinf)
    __aeabi_frsub                            0x08005171   Thumb Code     0  faddsub_clz.o(x$fpl$frsb)
    _frsb                                    0x08005171   Thumb Code    20  faddsub_clz.o(x$fpl$frsb)
    __aeabi_fsub                             0x08005185   Thumb Code     0  faddsub_clz.o(x$fpl$fsub)
    _fsub                                    0x08005185   Thumb Code   234  faddsub_clz.o(x$fpl$fsub)
    __fpl_return_NaN                         0x0800526f   Thumb Code   100  retnan.o(x$fpl$retnan)
    __ARM_scalbn                             0x080052d3   Thumb Code    92  scalbn.o(x$fpl$scalbn)
    __ARM_scalbnf                            0x0800532f   Thumb Code    76  scalbnf.o(x$fpl$scalbnf)
    __fpl_cmpreturn                          0x0800537b   Thumb Code    48  trapv.o(x$fpl$trapveneer)
    __I$use$fp                               0x080053aa   Number         0  usenofp.o(x$fpl$usenofp)
    gc_ClockSourceString                     0x080053ac   Data          16  system.o(.constdata)
    SPI_DEFAULT_01                           0x080053fa   Data          15  spi.o(.constdata)
    SELECT_SOCKET_REG                        0x08005409   Data           8  w5500.o(.constdata)
    SELECT_SOCKET_TXBUFF                     0x08005411   Data           8  w5500.o(.constdata)
    SELECT_SOCKET_RXBUFF                     0x08005419   Data           8  w5500.o(.constdata)
    OSUnMapTbl                               0x08005421   Data         256  os_core.o(.constdata)
    Region$$Table$$Base                      0x08005714   Number         0  anon$$obj.o(Region$$Table)
    Region$$Table$$Limit                     0x08005734   Number         0  anon$$obj.o(Region$$Table)
    g_CPU_ID                                 0x20000000   Data           4  system.o(.data)
    isPrintfOut                              0x20000008   Data           1  system.o(.data)
    PrintfCh                                 0x20000009   Data           1  system.o(.data)
    g_OS_RunTime                             0x20000010   Data           8  system.o(.data)
    __stdout                                 0x20000018   Data           4  system.o(.data)
    SysFlag                                  0x2000001c   Data           1  main.o(.data)
    dhcp_state                               0x20000038   Data           1  dhcp.o(.data)
    dhcp_retry_count                         0x20000039   Data           1  dhcp.o(.data)
    DHCP_SOCKET                              0x2000003a   Data           1  dhcp.o(.data)
    OLD_allocated_ip                         0x2000003b   Data           4  dhcp.o(.data)
    DHCP_allocated_ip                        0x2000003f   Data           4  dhcp.o(.data)
    DHCP_allocated_gw                        0x20000043   Data           4  dhcp.o(.data)
    DHCP_allocated_sn                        0x20000047   Data           4  dhcp.o(.data)
    DHCP_allocated_dns                       0x2000004b   Data           4  dhcp.o(.data)
    dhcp_lease_time                          0x20000050   Data           4  dhcp.o(.data)
    dhcp_tick_1s                             0x20000054   Data           4  dhcp.o(.data)
    dhcp_tick_next                           0x20000058   Data           4  dhcp.o(.data)
    dhcp_ip_assign                           0x2000005c   Data           4  dhcp.o(.data)
    dhcp_ip_update                           0x20000060   Data           4  dhcp.o(.data)
    dhcp_ip_conflict                         0x20000064   Data           4  dhcp.o(.data)
    DHCP_SIP                                 0x20000068   Data           4  dhcp.o(.data)
    DHCP_XID                                 0x2000006c   Data           4  dhcp.o(.data)
    pDHCPMSG                                 0x20000070   Data           4  dhcp.o(.data)
    DHCP_CHADDR                              0x20000074   Data           6  dhcp.o(.data)
    OSCPUUsage                               0x2000007c   Data           1  os_core.o(.data)
    OSStatRdy                                0x2000007d   Data           1  os_core.o(.data)
    OSIntNesting                             0x2000007e   Data           1  os_core.o(.data)
    OSLockNesting                            0x2000007f   Data           1  os_core.o(.data)
    OSPrioCur                                0x20000080   Data           1  os_core.o(.data)
    OSPrioHighRdy                            0x20000081   Data           1  os_core.o(.data)
    OSRdyGrp                                 0x20000082   Data           1  os_core.o(.data)
    OSRunning                                0x20000083   Data           1  os_core.o(.data)
    OSTaskCtr                                0x20000084   Data           1  os_core.o(.data)
    OSTickStepState                          0x20000085   Data           1  os_core.o(.data)
    OSCtxSwCtr                               0x20000088   Data           4  os_core.o(.data)
    OSEventFreeList                          0x2000008c   Data           4  os_core.o(.data)
    OSIdleCtrMax                             0x20000090   Data           4  os_core.o(.data)
    OSIdleCtrRun                             0x20000094   Data           4  os_core.o(.data)
    OSRdyTbl                                 0x20000098   Data           4  os_core.o(.data)
    OSIdleCtr                                0x2000009c   Data           4  os_core.o(.data)
    OSTCBCur                                 0x200000a0   Data           4  os_core.o(.data)
    OSTCBFreeList                            0x200000a4   Data           4  os_core.o(.data)
    OSTCBHighRdy                             0x200000a8   Data           4  os_core.o(.data)
    OSTCBList                                0x200000ac   Data           4  os_core.o(.data)
    OSTime                                   0x200000b0   Data           4  os_core.o(.data)
    OSFlagFreeList                           0x200000b4   Data           4  os_core.o(.data)
    TASK_SYSTEM_STK                          0x200000b8   Data        1024  main.o(.bss)
    TASK_W5500_STK                           0x200004b8   Data        1024  main.o(.bss)
    SocketStatusBuff                         0x20000978   Data         224  w5500_socket.o(.bss)
    OSEventTbl                               0x20000a58   Data         160  os_core.o(.bss)
    OSTaskStatStk                            0x20000af8   Data         128  os_core.o(.bss)
    OSTaskIdleStk                            0x20000b78   Data         128  os_core.o(.bss)
    OSTCBPrioTbl                             0x20000bf8   Data         104  os_core.o(.bss)
    OSTCBTbl                                 0x20000c60   Data        1872  os_core.o(.bss)
    OSFlagTbl                                0x200013b0   Data         224  os_core.o(.bss)
    _random_number_data                      0x20001c90   Data         228  rand.o(.bss)
    __libspace_start                         0x20001d74   Data          96  libspace.o(.bss)
    __temporary_stack_top$libspace           0x20001dd4   Data           0  libspace.o(.bss)



==============================================================================

Memory Map of the image

  Image Entry point : 0x08000131

  Load Region LR_IROM1 (Base: 0x08000000, Size: 0x000057ec, Max: 0x00080000, ABSOLUTE)

    Execution Region ER_IROM1 (Base: 0x08000000, Size: 0x00005734, Max: 0x00080000, ABSOLUTE)

    Base Addr    Size         Type   Attr      Idx    E Section Name        Object

    0x08000000   0x00000130   Data   RO            8    RESET               startup_stm32f10x_hd.o
    0x08000130   0x00000008   Code   RO         2333  * !!!main             c_w.l(__main.o)
    0x08000138   0x00000034   Code   RO         2559    !!!scatter          c_w.l(__scatter.o)
    0x0800016c   0x0000001a   Code   RO         2561    !!handler_copy      c_w.l(__scatter_copy.o)
    0x08000186   0x00000002   PAD
    0x08000188   0x0000001c   Code   RO         2563    !!handler_zi        c_w.l(__scatter_zi.o)
    0x080001a4   0x00000000   Code   RO         2319    .ARM.Collect$$_printf_percent$$00000000  c_w.l(_printf_percent.o)
    0x080001a4   0x00000006   Code   RO         2318    .ARM.Collect$$_printf_percent$$00000009  c_w.l(_printf_d.o)
    0x080001aa   0x00000006   Code   RO         2317    .ARM.Collect$$_printf_percent$$0000000C  c_w.l(_printf_x.o)
    0x080001b0   0x00000006   Code   RO         2316    .ARM.Collect$$_printf_percent$$00000014  c_w.l(_printf_s.o)
    0x080001b6   0x00000004   Code   RO         2388    .ARM.Collect$$_printf_percent$$00000017  c_w.l(_printf_percent_end.o)
    0x080001ba   0x00000002   Code   RO         2487    .ARM.Collect$$libinit$$00000000  c_w.l(libinit.o)
    0x080001bc   0x00000000   Code   RO         2392    .ARM.Collect$$libinit$$00000002  c_w.l(libinit2.o)
    0x080001bc   0x00000000   Code   RO         2395    .ARM.Collect$$libinit$$00000008  c_w.l(libinit2.o)
    0x080001bc   0x00000000   Code   RO         2397    .ARM.Collect$$libinit$$0000000A  c_w.l(libinit2.o)
    0x080001bc   0x00000004   Code   RO         2398    .ARM.Collect$$libinit$$0000000B  c_w.l(libinit2.o)
    0x080001c0   0x00000000   Code   RO         2399    .ARM.Collect$$libinit$$0000000C  c_w.l(libinit2.o)
    0x080001c0   0x00000000   Code   RO         2402    .ARM.Collect$$libinit$$0000000F  c_w.l(libinit2.o)
    0x080001c0   0x00000000   Code   RO         2404    .ARM.Collect$$libinit$$00000011  c_w.l(libinit2.o)
    0x080001c0   0x00000000   Code   RO         2406    .ARM.Collect$$libinit$$00000013  c_w.l(libinit2.o)
    0x080001c0   0x00000000   Code   RO         2408    .ARM.Collect$$libinit$$00000015  c_w.l(libinit2.o)
    0x080001c0   0x00000000   Code   RO         2410    .ARM.Collect$$libinit$$00000017  c_w.l(libinit2.o)
    0x080001c0   0x00000000   Code   RO         2412    .ARM.Collect$$libinit$$00000019  c_w.l(libinit2.o)
    0x080001c0   0x00000000   Code   RO         2414    .ARM.Collect$$libinit$$0000001B  c_w.l(libinit2.o)
    0x080001c0   0x00000000   Code   RO         2416    .ARM.Collect$$libinit$$0000001D  c_w.l(libinit2.o)
    0x080001c0   0x00000000   Code   RO         2418    .ARM.Collect$$libinit$$0000001F  c_w.l(libinit2.o)
    0x080001c0   0x00000000   Code   RO         2420    .ARM.Collect$$libinit$$00000021  c_w.l(libinit2.o)
    0x080001c0   0x00000000   Code   RO         2422    .ARM.Collect$$libinit$$00000023  c_w.l(libinit2.o)
    0x080001c0   0x00000000   Code   RO         2426    .ARM.Collect$$libinit$$0000002A  c_w.l(libinit2.o)
    0x080001c0   0x00000000   Code   RO         2428    .ARM.Collect$$libinit$$0000002C  c_w.l(libinit2.o)
    0x080001c0   0x00000000   Code   RO         2430    .ARM.Collect$$libinit$$0000002E  c_w.l(libinit2.o)
    0x080001c0   0x00000000   Code   RO         2432    .ARM.Collect$$libinit$$00000030  c_w.l(libinit2.o)
    0x080001c0   0x00000002   Code   RO         2433    .ARM.Collect$$libinit$$00000031  c_w.l(libinit2.o)
    0x080001c2   0x00000002   Code   RO         2523    .ARM.Collect$$libshutdown$$00000000  c_w.l(libshutdown.o)
    0x080001c4   0x00000000   Code   RO         2528    .ARM.Collect$$libshutdown$$00000003  c_w.l(libshutdown2.o)
    0x080001c4   0x00000000   Code   RO         2531    .ARM.Collect$$libshutdown$$00000006  c_w.l(libshutdown2.o)
    0x080001c4   0x00000000   Code   RO         2534    .ARM.Collect$$libshutdown$$00000009  c_w.l(libshutdown2.o)
    0x080001c4   0x00000000   Code   RO         2536    .ARM.Collect$$libshutdown$$0000000B  c_w.l(libshutdown2.o)
    0x080001c4   0x00000000   Code   RO         2539    .ARM.Collect$$libshutdown$$0000000E  c_w.l(libshutdown2.o)
    0x080001c4   0x00000002   Code   RO         2540    .ARM.Collect$$libshutdown$$0000000F  c_w.l(libshutdown2.o)
    0x080001c6   0x00000000   Code   RO         2377    .ARM.Collect$$rtentry$$00000000  c_w.l(rtentry.o)
    0x080001c6   0x00000000   Code   RO         2448    .ARM.Collect$$rtentry$$00000002  c_w.l(rtentry2.o)
    0x080001c6   0x00000006   Code   RO         2460    .ARM.Collect$$rtentry$$00000004  c_w.l(rtentry4.o)
    0x080001cc   0x00000000   Code   RO         2450    .ARM.Collect$$rtentry$$00000009  c_w.l(rtentry2.o)
    0x080001cc   0x00000004   Code   RO         2451    .ARM.Collect$$rtentry$$0000000A  c_w.l(rtentry2.o)
    0x080001d0   0x00000000   Code   RO         2453    .ARM.Collect$$rtentry$$0000000C  c_w.l(rtentry2.o)
    0x080001d0   0x00000008   Code   RO         2454    .ARM.Collect$$rtentry$$0000000D  c_w.l(rtentry2.o)
    0x080001d8   0x00000002   Code   RO         2495    .ARM.Collect$$rtexit$$00000000  c_w.l(rtexit.o)
    0x080001da   0x00000000   Code   RO         2505    .ARM.Collect$$rtexit$$00000002  c_w.l(rtexit2.o)
    0x080001da   0x00000004   Code   RO         2506    .ARM.Collect$$rtexit$$00000003  c_w.l(rtexit2.o)
    0x080001de   0x00000006   Code   RO         2507    .ARM.Collect$$rtexit$$00000004  c_w.l(rtexit2.o)
    0x080001e4   0x00000034   Code   RO         2320    .emb_text           c_w.l(rand.o)
    0x08000218   0x0000004c   Code   RO            9    .text               startup_stm32f10x_hd.o
    0x08000264   0x000000a8   Code   RO         2102    .text               os_cpu_a.o
    0x0800030c   0x00000002   Code   RO         2257    .text               c_w.l(use_no_semi_2.o)
    0x0800030e   0x00000002   PAD
    0x08000310   0x00000018   Code   RO         2259    .text               c_w.l(__2printf.o)
    0x08000328   0x0000002c   Code   RO         2261    .text               c_w.l(__2sprintf.o)
    0x08000354   0x0000004e   Code   RO         2269    .text               c_w.l(_printf_pad.o)
    0x080003a2   0x00000052   Code   RO         2271    .text               c_w.l(_printf_str.o)
    0x080003f4   0x00000074   Code   RO         2273    .text               c_w.l(_printf_dec.o)
    0x08000468   0x00000058   Code   RO         2278    .text               c_w.l(_printf_hex_int.o)
    0x080004c0   0x00000188   Code   RO         2313    .text               c_w.l(__printf_flags_ss_wp.o)
    0x08000648   0x0000003c   Code   RO         2321    .text               c_w.l(rand.o)
    0x08000684   0x0000003e   Code   RO         2325    .text               c_w.l(strlen.o)
    0x080006c2   0x0000008a   Code   RO         2327    .text               c_w.l(rt_memcpy_v6.o)
    0x0800074c   0x0000004e   Code   RO         2329    .text               c_w.l(rt_memclr_w.o)
    0x0800079a   0x00000006   Code   RO         2331    .text               c_w.l(heapauxi.o)
    0x080007a0   0x00000002   Code   RO         2375    .text               c_w.l(use_no_semi.o)
    0x080007a2   0x000000b2   Code   RO         2378    .text               c_w.l(_printf_intcommon.o)
    0x08000854   0x00000030   Code   RO         2380    .text               c_w.l(_printf_char_common.o)
    0x08000884   0x0000000a   Code   RO         2382    .text               c_w.l(_sputc.o)
    0x0800088e   0x0000002c   Code   RO         2384    .text               c_w.l(_printf_char.o)
    0x080008ba   0x00000002   PAD
    0x080008bc   0x00000024   Code   RO         2386    .text               c_w.l(_printf_char_file.o)
    0x080008e0   0x00000064   Code   RO         2389    .text               c_w.l(rt_memcpy_w.o)
    0x08000944   0x00000008   Code   RO         2464    .text               c_w.l(ferror.o)
    0x0800094c   0x0000004a   Code   RO         2474    .text               c_w.l(sys_stackheap_outer.o)
    0x08000996   0x0000000c   Code   RO         2476    .text               c_w.l(exit.o)
    0x080009a2   0x00000002   PAD
    0x080009a4   0x00000008   Code   RO         2492    .text               c_w.l(libspace.o)
    0x080009ac   0x00000028   Code   RO         2227    i.BOARD_HardwaveInit  board.o
    0x080009d4   0x0000004e   Code   RO           75    i.CRC16             system.o
    0x08000a22   0x00000002   PAD
    0x08000a24   0x00000094   Code   RO         1132    i.CheckSocketConnectionState  w5500_socket.o
    0x08000ab8   0x00000038   Code   RO         1343    i.DHCP_init         dhcp.o
    0x08000af0   0x0000028c   Code   RO         1344    i.DHCP_run          dhcp.o
    0x08000d7c   0x00000018   Code   RO         1345    i.DHCP_stop         dhcp.o
    0x08000d94   0x00000010   Code   RO         1346    i.DHCP_time_handler  dhcp.o
    0x08000da4   0x00000040   Code   RO          585    i.DMA_MemoryToPeripheralConfig  dma.o
    0x08000de4   0x00000050   Code   RO          586    i.DMA_PeripheralToMemory  dma.o
    0x08000e34   0x00000016   Code   RO          588    i.DMA_StartChannel  dma.o
    0x08000e4a   0x00000002   PAD
    0x08000e4c   0x00000018   Code   RO          589    i.DMA_WaitComplete  dma.o
    0x08000e64   0x0000001c   Code   RO           14    i.Delay_US          delay.o
    0x08000e80   0x00000068   Code   RO           76    i.DeviceClockEnable  system.o
    0x08000ee8   0x00000048   Code   RO           77    i.DeviceReset       system.o
    0x08000f30   0x000000f2   Code   RO          281    i.GPIOx_Init        gpio_init.o
    0x08001022   0x00000002   PAD
    0x08001024   0x0000005c   Code   RO          308    i.HardFault_Handler  main.o
    0x08001080   0x0000001c   Code   RO          496    i.IWDG_Init         wdg.o
    0x0800109c   0x0000001c   Code   RO         1133    i.InternetGetConnectedState  w5500_socket.o
    0x080010b8   0x00000028   Code   RO           81    i.JTAG_Set          system.o
    0x080010e0   0x00000028   Code   RO          364    i.LED_Init          led.o
    0x08001108   0x00000020   Code   RO           85    i.NVIC_IntEnable    system.o
    0x08001128   0x00000014   Code   RO         1347    i.NibbleToHex       dhcp.o
    0x0800113c   0x0000002a   Code   RO         1565    i.OSInit            os_core.o
    0x08001166   0x00000002   Code   RO         1495    i.OSInitHookBegin   os_cpu_c.o
    0x08001168   0x00000002   Code   RO         1496    i.OSInitHookEnd     os_cpu_c.o
    0x0800116a   0x00000002   PAD
    0x0800116c   0x00000058   Code   RO         1567    i.OSIntExit         os_core.o
    0x080011c4   0x00000030   Code   RO         1570    i.OSStart           os_core.o
    0x080011f4   0x00000034   Code   RO         1571    i.OSStatInit        os_core.o
    0x08001228   0x00000002   Code   RO         1497    i.OSTCBInitHook     os_cpu_c.o
    0x0800122a   0x00000002   PAD
    0x0800122c   0x00000088   Code   RO         2027    i.OSTaskCreate      os_task.o
    0x080012b4   0x00000002   Code   RO         1498    i.OSTaskCreateHook  os_cpu_c.o
    0x080012b6   0x00000002   Code   RO         1500    i.OSTaskIdleHook    os_cpu_c.o
    0x080012b8   0x0000008c   Code   RO         2029    i.OSTaskNameSet     os_task.o
    0x08001344   0x00000002   Code   RO         1501    i.OSTaskStatHook    os_cpu_c.o
    0x08001346   0x0000005a   Code   RO         1502    i.OSTaskStkInit     os_cpu_c.o
    0x080013a0   0x00000090   Code   RO         2031    i.OSTaskSuspend     os_task.o
    0x08001430   0x00000002   Code   RO         1503    i.OSTaskSwHook      os_cpu_c.o
    0x08001432   0x00000002   PAD
    0x08001434   0x00000058   Code   RO         2063    i.OSTimeDly         os_time.o
    0x0800148c   0x00000060   Code   RO         2064    i.OSTimeDlyHMSM     os_time.o
    0x080014ec   0x000000a4   Code   RO         1572    i.OSTimeTick        os_core.o
    0x08001590   0x00000044   Code   RO         1788    i.OS_FlagInit       os_flag.o
    0x080015d4   0x00000044   Code   RO         1580    i.OS_InitEventList  os_core.o
    0x08001618   0x00000020   Code   RO         1581    i.OS_InitMisc       os_core.o
    0x08001638   0x00000028   Code   RO         1582    i.OS_InitRdyList    os_core.o
    0x08001660   0x00000054   Code   RO         1583    i.OS_InitTCBList    os_core.o
    0x080016b4   0x00000034   Code   RO         1584    i.OS_InitTaskIdle   os_core.o
    0x080016e8   0x00000034   Code   RO         1585    i.OS_InitTaskStat   os_core.o
    0x0800171c   0x00000012   Code   RO         1586    i.OS_MemClr         os_core.o
    0x0800172e   0x00000002   PAD
    0x08001730   0x00000048   Code   RO         1588    i.OS_Sched          os_core.o
    0x08001778   0x00000020   Code   RO         1589    i.OS_SchedNew       os_core.o
    0x08001798   0x0000003c   Code   RO         1293    i.OS_Sleep          w5500_socket.o
    0x080017d4   0x0000001c   Code   RO         1590    i.OS_StrCopy        os_core.o
    0x080017f0   0x00000014   Code   RO         1591    i.OS_StrLen         os_core.o
    0x08001804   0x000000c0   Code   RO         1592    i.OS_TCBInit        os_core.o
    0x080018c4   0x0000001c   Code   RO         1593    i.OS_TaskIdle       os_core.o
    0x080018e0   0x00000054   Code   RO         1594    i.OS_TaskStat       os_core.o
    0x08001934   0x000000c4   Code   RO         1134    i.RandPort          w5500_socket.o
    0x080019f8   0x00000190   Code   RO         2197    i.SOCKET_Task       socket_tas.o
    0x08001b88   0x0000003c   Code   RO          631    i.SPI1_IRQHandler   spi.o
    0x08001bc4   0x00000040   Code   RO          632    i.SPI2_IRQHandler   spi.o
    0x08001c04   0x000000a8   Code   RO          634    i.SPIx_Config       spi.o
    0x08001cac   0x000001ec   Code   RO          639    i.SPIx_Init         spi.o
    0x08001e98   0x00000048   Code   RO          642    i.SPIx_ReadWriteByte  spi.o
    0x08001ee0   0x00000060   Code   RO          644    i.SPIx_SetSpeed     spi.o
    0x08001f40   0x000001bc   Code   RO           86    i.SYSTEM_ClockInit  system.o
    0x080020fc   0x0000004c   Code   RO           87    i.SYSTEM_GetClkSpeed  system.o
    0x08002148   0x00000010   Code   RO           90    i.SYSTEM_SoftReset  system.o
    0x08002158   0x0000000c   Code   RO           95    i.SYS_GetOSRunTime  system.o
    0x08002164   0x0000002c   Code   RO           97    i.SYS_GetSystemClockSource  system.o
    0x08002190   0x00000030   Code   RO           98    i.SysTick_Configuration  system.o
    0x080021c0   0x00000038   Code   RO           99    i.SysTick_Handler   system.o
    0x080021f8   0x00000060   Code   RO          309    i.TaskSystem        main.o
    0x08002258   0x00000044   Code   RO          376    i.UART4_IRQHandler  usart.o
    0x0800229c   0x0000004c   Code   RO          377    i.UART5_IRQHandler  usart.o
    0x080022e8   0x00000018   Code   RO          379    i.UARTx_ClearRxInt  usart.o
    0x08002300   0x000001f0   Code   RO          386    i.UARTx_Init        usart.o
    0x080024f0   0x000000cc   Code   RO          387    i.UARTx_PowerDown   usart.o
    0x080025bc   0x000000c8   Code   RO          388    i.UARTx_PowerUp     usart.o
    0x08002684   0x00000040   Code   RO          389    i.UARTx_SendByte    usart.o
    0x080026c4   0x00000088   Code   RO          392    i.UARTx_SetBaudRate  usart.o
    0x0800274c   0x00000058   Code   RO          393    i.UARTx_SetRxBuff   usart.o
    0x080027a4   0x000001a4   Code   RO         2198    i.UDP_ScanningIP    socket_tas.o
    0x08002948   0x0000001c   Code   RO          770    i.W5500_ClearOneSocketIntStatus  w5500.o
    0x08002964   0x0000006c   Code   RO          772    i.W5500_CloseOneSocket  w5500.o
    0x080029d0   0x0000018c   Code   RO          773    i.W5500_CreateTcpClient  w5500.o
    0x08002b5c   0x00000130   Code   RO          774    i.W5500_CreateTcpServer  w5500.o
    0x08002c8c   0x00000138   Code   RO          775    i.W5500_CreateUdpClient  w5500.o
    0x08002dc4   0x00000068   Code   RO          777    i.W5500_DisconnectOneSocket  w5500.o
    0x08002e2c   0x0000000c   Code   RO         1281    i.W5500_GetInt      w5500_socket.o
    0x08002e38   0x00000018   Code   RO         1010    i.W5500_GetOneSocketFreeTxBuffSzie  w5500.o
    0x08002e50   0x00000018   Code   RO          779    i.W5500_GetOneSocketIntStatus  w5500.o
    0x08002e68   0x00000018   Code   RO         1030    i.W5500_GetOneSocketRxBuffRD  w5500.o
    0x08002e80   0x00000018   Code   RO         1270    i.W5500_GetOneSocketRxDataSize  w5500_socket.o
    0x08002e98   0x00000018   Code   RO          985    i.W5500_GetOneSocketStatus  w5500.o
    0x08002eb0   0x00000018   Code   RO         1015    i.W5500_GetOneSocketTxBuffRD  w5500.o
    0x08002ec8   0x00000010   Code   RO          782    i.W5500_GetPHY_Status  w5500.o
    0x08002ed8   0x000000c4   Code   RO          785    i.W5500_Init        w5500.o
    0x08002f9c   0x00000164   Code   RO          786    i.W5500_InitConfig  w5500.o
    0x08003100   0x0000003c   Code   RO          787    i.W5500_OneSocketRxBuffReset  w5500.o
    0x0800313c   0x0000002c   Code   RO          788    i.W5500_OneSocketTxBuffReset  w5500.o
    0x08003168   0x00000020   Code   RO          789    i.W5500_ReadDuadReg  w5500.o
    0x08003188   0x00000048   Code   RO          790    i.W5500_ReadMultiReg  w5500.o
    0x080031d0   0x00000034   Code   RO          791    i.W5500_ReadOneReg  w5500.o
    0x08003204   0x0000004c   Code   RO          792    i.W5500_ReadOneSocketTcpRxData  w5500.o
    0x08003250   0x000000c0   Code   RO          793    i.W5500_ReadOneSocketUdpRxData  w5500.o
    0x08003310   0x00000008   Code   RO         1287    i.W5500_ReadWrtieByte  w5500_socket.o
    0x08003318   0x0000001c   Code   RO          980    i.W5500_SendOneSocketCmd  w5500.o
    0x08003334   0x0000000c   Code   RO         1275    i.W5500_SetCS       w5500_socket.o
    0x08003340   0x0000000c   Code   RO          794    i.W5500_SetMode     w5500.o
    0x0800334c   0x0000001c   Code   RO          995    i.W5500_SetOneSocketDestIP  w5500.o
    0x08003368   0x0000001c   Code   RO         1000    i.W5500_SetOneSocketDestPort  w5500.o
    0x08003384   0x0000001c   Code   RO          795    i.W5500_SetOneSocketIntEnable  w5500.o
    0x080033a0   0x0000001c   Code   RO          990    i.W5500_SetOneSocketLoaclPort  w5500.o
    0x080033bc   0x0000001c   Code   RO         1005    i.W5500_SetOneSocketMaxTransUnit  w5500.o
    0x080033d8   0x0000001c   Code   RO         1025    i.W5500_SetOneSocketRxBuffRD  w5500.o
    0x080033f4   0x0000001c   Code   RO         1035    i.W5500_SetOneSocketTcpHeartPackTime  w5500.o
    0x08003410   0x00000018   Code   RO          975    i.W5500_SetOneSocketTcpMode  w5500.o
    0x08003428   0x0000001c   Code   RO         1020    i.W5500_SetOneSocketTxBuffWR  w5500.o
    0x08003444   0x00000016   Code   RO          796    i.W5500_SetPHY_OPMDC  w5500.o
    0x0800345a   0x00000018   Code   RO          798    i.W5500_WriteDuadReg  w5500.o
    0x08003472   0x00000048   Code   RO          799    i.W5500_WriteMultiReg  w5500.o
    0x080034ba   0x0000003a   Code   RO          800    i.W5500_WriteOneReg  w5500.o
    0x080034f4   0x00000068   Code   RO          801    i.W5500_WriteOneSocketTcpTxData  w5500.o
    0x0800355c   0x00000088   Code   RO          802    i.W5500_WriteOneSocketUdpTxData  w5500.o
    0x080035e4   0x00000124   Code   RO         1135    i.WSAStartup        w5500_socket.o
    0x08003708   0x000000bc   Code   RO         1136    i.WaitingReception  w5500_socket.o
    0x080037c4   0x000000cc   Code   RO         1137    i.WaitingSuccessfully  w5500_socket.o
    0x08003890   0x0000000e   Code   RO         2306    i._is_digit         c_w.l(__printf_wp.o)
    0x0800389e   0x00000002   Code   RO          100    i._sys_exit         system.o
    0x080038a0   0x000000ec   Code   RO         1138    i.bind              w5500_socket.o
    0x0800398c   0x000000d0   Code   RO         1348    i.check_DHCP_leasedIP  dhcp.o
    0x08003a5c   0x00000070   Code   RO         1349    i.check_DHCP_timeout  dhcp.o
    0x08003acc   0x00000048   Code   RO         1139    i.closesocket       w5500_socket.o
    0x08003b14   0x00000110   Code   RO         1140    i.connect           w5500_socket.o
    0x08003c24   0x00000002   Code   RO         1350    i.default_ip_assign  dhcp.o
    0x08003c26   0x00000002   Code   RO         1351    i.default_ip_conflict  dhcp.o
    0x08003c28   0x00000002   Code   RO         1352    i.default_ip_update  dhcp.o
    0x08003c2a   0x00000002   PAD
    0x08003c2c   0x0000001c   Code   RO          103    i.fputc             system.o
    0x08003c48   0x0000003c   Code   RO         1141    i.getLocalHostName  w5500_socket.o
    0x08003c84   0x0000001c   Code   RO         1142    i.getLocalMAC       w5500_socket.o
    0x08003ca0   0x00000074   Code   RO         1143    i.getsockopt        w5500_socket.o
    0x08003d14   0x00000190   Code   RO          310    i.main              main.o
    0x08003ea4   0x000000b8   Code   RO         1358    i.makeDHCPMSG       dhcp.o
    0x08003f5c   0x0000001c   Code   RO         1144    i.netsh_ip_addr     w5500_socket.o
    0x08003f78   0x0000001c   Code   RO         1145    i.netsh_ip_gateway  w5500_socket.o
    0x08003f94   0x0000001c   Code   RO         1146    i.netsh_ip_mask     w5500_socket.o
    0x08003fb0   0x000001d8   Code   RO         1359    i.parseDHCPMSG      dhcp.o
    0x08004188   0x00000144   Code   RO         1148    i.recvfrom          w5500_socket.o
    0x080042cc   0x00000014   Code   RO         1361    i.reset_DHCP_timeout  dhcp.o
    0x080042e0   0x000000fc   Code   RO         1362    i.send_DHCP_DECLINE  dhcp.o
    0x080043dc   0x000001e4   Code   RO         1363    i.send_DHCP_DISCOVER  dhcp.o
    0x080045c0   0x000002b4   Code   RO         1364    i.send_DHCP_REQUEST  dhcp.o
    0x08004874   0x000001b8   Code   RO         1150    i.sendto            w5500_socket.o
    0x08004a2c   0x0000004c   Code   RO         1151    i.setsockopt        w5500_socket.o
    0x08004a78   0x000000d4   Code   RO         1152    i.socket            w5500_socket.o
    0x08004b4c   0x0000000c   Code   RO         1153    i.socket_GetError   w5500_socket.o
    0x08004b58   0x00000062   Code   RO         2335    x$fpl$d2f           fz_ws.l(d2f.o)
    0x08004bba   0x00000002   PAD
    0x08004bbc   0x00000010   Code   RO         2434    x$fpl$dcheck1       fz_ws.l(dcheck1.o)
    0x08004bcc   0x000002b0   Code   RO         2344    x$fpl$ddiv          fz_ws.l(ddiv.o)
    0x08004e7c   0x00000026   Code   RO         2347    x$fpl$dfltu         fz_ws.l(dflt_clz.o)
    0x08004ea2   0x0000009c   Code   RO         2436    x$fpl$dnaninf       fz_ws.l(dnaninf.o)
    0x08004f3e   0x0000000c   Code   RO         2438    x$fpl$dretinf       fz_ws.l(dretinf.o)
    0x08004f4a   0x00000002   PAD
    0x08004f4c   0x00000056   Code   RO         2353    x$fpl$f2d           fz_ws.l(f2d.o)
    0x08004fa2   0x00000002   PAD
    0x08004fa4   0x000000c4   Code   RO         2355    x$fpl$fadd          fz_ws.l(faddsub_clz.o)
    0x08005068   0x0000000c   Code   RO         2440    x$fpl$fcheck1       fz_ws.l(fcheck1.o)
    0x08005074   0x0000003e   Code   RO         2361    x$fpl$ffixu         fz_ws.l(ffixu.o)
    0x080050b2   0x00000002   PAD
    0x080050b4   0x00000026   Code   RO         2365    x$fpl$ffltu         fz_ws.l(fflt_clz.o)
    0x080050da   0x0000008c   Code   RO         2442    x$fpl$fnaninf       fz_ws.l(fnaninf.o)
    0x08005166   0x0000000a   Code   RO         2444    x$fpl$fretinf       fz_ws.l(fretinf.o)
    0x08005170   0x00000014   Code   RO         2356    x$fpl$frsb          fz_ws.l(faddsub_clz.o)
    0x08005184   0x000000ea   Code   RO         2357    x$fpl$fsub          fz_ws.l(faddsub_clz.o)
    0x0800526e   0x00000064   Code   RO         2472    x$fpl$retnan        fz_ws.l(retnan.o)
    0x080052d2   0x0000005c   Code   RO         2371    x$fpl$scalbn        fz_ws.l(scalbn.o)
    0x0800532e   0x0000004c   Code   RO         2373    x$fpl$scalbnf       fz_ws.l(scalbnf.o)
    0x0800537a   0x00000030   Code   RO         2488    x$fpl$trapveneer    fz_ws.l(trapv.o)
    0x080053aa   0x00000000   Code   RO         2446    x$fpl$usenofp       fz_ws.l(usenofp.o)
    0x080053aa   0x00000002   PAD
    0x080053ac   0x00000010   Data   RO          105    .constdata          system.o
    0x080053bc   0x0000002c   Data   RO          395    .constdata          usart.o
    0x080053e8   0x00000012   Data   RO          646    .constdata          spi.o
    0x080053fa   0x0000000f   Data   RO          647    .constdata          spi.o
    0x08005409   0x00000018   Data   RO          803    .constdata          w5500.o
    0x08005421   0x00000100   Data   RO         1597    .constdata          os_core.o
    0x08005521   0x00000028   Data   RO         2279    .constdata          c_w.l(_printf_hex_int.o)
    0x08005549   0x00000011   Data   RO         2314    .constdata          c_w.l(__printf_flags_ss_wp.o)
    0x0800555a   0x00000002   PAD
    0x0800555c   0x00000038   Data   RO          106    .conststring        system.o
    0x08005594   0x00000087   Data   RO          312    .conststring        main.o
    0x0800561b   0x00000001   PAD
    0x0800561c   0x000000ac   Data   RO          804    .conststring        w5500.o
    0x080056c8   0x00000001   Data   RO         1156    .conststring        w5500_socket.o
    0x080056c9   0x00000003   PAD
    0x080056cc   0x00000048   Data   RO         1365    .conststring        dhcp.o
    0x08005714   0x00000020   Data   RO         2557    Region$$Table       anon$$obj.o


    Execution Region RW_IRAM1 (Base: 0x20000000, Size: 0x000033d8, Max: 0x00010000, ABSOLUTE)

    Base Addr    Size         Type   Attr      Idx    E Section Name        Object

    0x20000000   0x00000004   Data   RW          107    .data               system.o
    0x20000004   0x00000004   PAD
    0x20000008   0x00000010   Data   RW          108    .data               system.o
    0x20000018   0x00000004   Data   RW          109    .data               system.o
    0x2000001c   0x00000001   Data   RW          313    .data               main.o
    0x2000001d   0x00000003   PAD
    0x20000020   0x0000000c   Data   RW          649    .data               spi.o
    0x2000002c   0x0000000c   Data   RW         1157    .data               w5500_socket.o
    0x20000038   0x00000042   Data   RW         1366    .data               dhcp.o
    0x2000007a   0x00000002   PAD
    0x2000007c   0x00000038   Data   RW         1598    .data               os_core.o
    0x200000b4   0x00000004   Data   RW         1599    .data               os_core.o
    0x200000b8   0x00000800   Zero   RW          311    .bss                main.o
    0x200008b8   0x00000060   Zero   RW          394    .bss                usart.o
    0x20000918   0x00000024   Zero   RW          645    .bss                spi.o
    0x2000093c   0x0000003c   Zero   RW         1154    .bss                w5500_socket.o
    0x20000978   0x000000e0   Zero   RW         1155    .bss                w5500_socket.o
    0x20000a58   0x00000958   Zero   RW         1595    .bss                os_core.o
    0x200013b0   0x000000e0   Zero   RW         1596    .bss                os_core.o
    0x20001490   0x00000800   Zero   RW         2199    .bss                socket_tas.o
    0x20001c90   0x000000e4   Zero   RW         2322    .bss                c_w.l(rand.o)
    0x20001d74   0x00000060   Zero   RW         2493    .bss                c_w.l(libspace.o)
    0x20001dd4   0x00000004   PAD
    0x20001dd8   0x00000600   Zero   RW            7    HEAP                startup_stm32f10x_hd.o
    0x200023d8   0x00001000   Zero   RW            6    STACK               startup_stm32f10x_hd.o


==============================================================================

Image component sizes


      Code (inc. data)   RO Data    RW Data    ZI Data      Debug   Object Name

        40         10          0          0          0       1285   board.o
         0          0          0          0          0         32   cortexm3_macro.o
        28          0          0          0          0      27720   delay.o
      3198        598         72         66          0      16259   dhcp.o
       190          6          0          0          0       2930   dma.o
       242          0          0          0          0       1085   gpio_init.o
        40         10          0          0          0        487   led.o
       588        302        135          1       2048       3213   main.o
      1196        148        256         60       2616      21031   os_core.o
       168         40          0          0          0        364   os_cpu_a.o
       104          0          0          0          0      14143   os_cpu_c.o
        68         10          0          0          0        658   os_flag.o
       420         42          0          0          0       3143   os_task.o
       184         24          0          0          0       1576   os_time.o
       820        330          0          0       2048       3746   socket_tas.o
       952         56         33         12         36       6327   spi.o
        76         30        304          0       5632        884   startup_stm32f10x_hd.o
      1052         84         72         24          0      18303   system.o
      1356        128         44          0         96       7359   usart.o
      3172        514        196          0          0      48953   w5500.o
      3104        832          1         12        284      33223   w5500_socket.o
        28          4          0          0          0        544   wdg.o

    ----------------------------------------------------------------------
     17042       3168       1149        184      12760     213265   Object Totals
         0          0         32          0          0          0   (incl. Generated)
        16          0          4          9          0          0   (incl. Padding)

    ----------------------------------------------------------------------

      Code (inc. data)   RO Data    RW Data    ZI Data      Debug   Library Member Name

        24          4          0          0          0         84   __2printf.o
        44          6          0          0          0         84   __2sprintf.o
         8          0          0          0          0         68   __main.o
       392          4         17          0          0         92   __printf_flags_ss_wp.o
        14          0          0          0          0         68   __printf_wp.o
        52          8          0          0          0          0   __scatter.o
        26          0          0          0          0          0   __scatter_copy.o
        28          0          0          0          0          0   __scatter_zi.o
        44          0          0          0          0        108   _printf_char.o
        48          6          0          0          0         96   _printf_char_common.o
        36          4          0          0          0         80   _printf_char_file.o
         6          0          0          0          0          0   _printf_d.o
       116         16          0          0          0         92   _printf_dec.o
        88          4         40          0          0         88   _printf_hex_int.o
       178          0          0          0          0         88   _printf_intcommon.o
        78          0          0          0          0        108   _printf_pad.o
         0          0          0          0          0          0   _printf_percent.o
         4          0          0          0          0          0   _printf_percent_end.o
         6          0          0          0          0          0   _printf_s.o
        82          0          0          0          0         80   _printf_str.o
         6          0          0          0          0          0   _printf_x.o
        10          0          0          0          0         68   _sputc.o
        12          0          0          0          0         72   exit.o
         8          0          0          0          0         68   ferror.o
         6          0          0          0          0        152   heapauxi.o
         2          0          0          0          0          0   libinit.o
         6          0          0          0          0          0   libinit2.o
         2          0          0          0          0          0   libshutdown.o
         2          0          0          0          0          0   libshutdown2.o
         8          4          0          0         96         68   libspace.o
       112         18          0          0        228        160   rand.o
        78          0          0          0          0         80   rt_memclr_w.o
       138          0          0          0          0         68   rt_memcpy_v6.o
       100          0          0          0          0         80   rt_memcpy_w.o
         0          0          0          0          0          0   rtentry.o
        12          0          0          0          0          0   rtentry2.o
         6          0          0          0          0          0   rtentry4.o
         2          0          0          0          0          0   rtexit.o
        10          0          0          0          0          0   rtexit2.o
        62          0          0          0          0         76   strlen.o
        74          0          0          0          0         80   sys_stackheap_outer.o
         2          0          0          0          0         68   use_no_semi.o
         2          0          0          0          0         68   use_no_semi_2.o
        98          4          0          0          0         92   d2f.o
        16          4          0          0          0         68   dcheck1.o
       688        140          0          0          0        208   ddiv.o
        38          0          0          0          0         68   dflt_clz.o
       156          4          0          0          0         92   dnaninf.o
        12          0          0          0          0         68   dretinf.o
        86          4          0          0          0         84   f2d.o
       450          8          0          0          0        236   faddsub_clz.o
        12          4          0          0          0         68   fcheck1.o
        62          4          0          0          0         84   ffixu.o
        38          0          0          0          0         68   fflt_clz.o
       140          4          0          0          0         84   fnaninf.o
        10          0          0          0          0         68   fretinf.o
       100          0          0          0          0         68   retnan.o
        92          0          0          0          0         68   scalbn.o
        76          0          0          0          0         68   scalbnf.o
        48          0          0          0          0         68   trapv.o
         0          0          0          0          0          0   usenofp.o

    ----------------------------------------------------------------------
      4074        250         59          0        328       3804   Library Totals
        18          0          2          0          4          0   (incl. Padding)

    ----------------------------------------------------------------------

      Code (inc. data)   RO Data    RW Data    ZI Data      Debug   Library Name

      1934         74         57          0        324       2244   c_w.l
      2122        176          0          0          0       1560   fz_ws.l

    ----------------------------------------------------------------------
      4074        250         59          0        328       3804   Library Totals

    ----------------------------------------------------------------------

==============================================================================


      Code (inc. data)   RO Data    RW Data    ZI Data      Debug   

     21116       3418       1208        184      13088     207133   Grand Totals
     21116       3418       1208        184      13088     207133   ELF Image Totals
     21116       3418       1208        184          0          0   ROM Totals

==============================================================================

    Total RO  Size (Code + RO Data)                22324 (  21.80kB)
    Total RW  Size (RW Data + ZI Data)             13272 (  12.96kB)
    Total ROM Size (Code + RO Data + RW Data)      22508 (  21.98kB)

==============================================================================

